#
# There is insufficient memory for the Java Runtime Environment to continue.
# Native memory allocation (malloc) failed to allocate 1378576 bytes. Error detail: Chunk::new
# Possible reasons:
#   The system is out of physical RAM or swap space
#   This process is running with CompressedOops enabled, and the Java Heap may be blocking the growth of the native heap
# Possible solutions:
#   Reduce memory load on the system
#   Increase physical memory or swap space
#   Check if swap backing store is full
#   Decrease Java heap size (-Xmx/-Xms)
#   Decrease number of Java threads
#   Decrease Java thread stack sizes (-Xss)
#   Set larger code cache with -XX:ReservedCodeCacheSize=
#   JVM is running with Unscaled Compressed Oops mode in which the Java heap is
#     placed in the first 4GB address space. The Java Heap base address is the
#     maximum limit for the native heap growth. Please use -XX:HeapBaseMinAddress
#     to set the Java Heap base and to place the Java Heap above 4GB virtual address.
# This output file may be truncated or incomplete.
#
#  Out of Memory Error (arena.cpp:168), pid=23644, tid=8348
#
# JRE version: OpenJDK Runtime Environment Temurin-21.0.9+10 (21.0.9+10) (build 21.0.9+10-LTS)
# Java VM: OpenJDK 64-Bit Server VM Temurin-21.0.9+10 (21.0.9+10-LTS, mixed mode, sharing, tiered, compressed oops, compressed class ptrs, parallel gc, windows-amd64)
# No core dump will be written. Minidumps are not enabled by default on client versions of Windows
#

---------------  S U M M A R Y ------------

Command Line: --add-modules=ALL-SYSTEM --add-opens=java.base/java.util=ALL-UNNAMED --add-opens=java.base/java.lang=ALL-UNNAMED --add-opens=java.base/sun.nio.fs=ALL-UNNAMED -Declipse.application=org.eclipse.jdt.ls.core.id1 -Dosgi.bundles.defaultStartLevel=4 -Declipse.product=org.eclipse.jdt.ls.core.product -Djava.import.generatesMetadataFilesAtProjectRoot=false -DDetectVMInstallationsJob.disabled=true -Dfile.encoding=utf8 -XX:+UseParallelGC -XX:GCTimeRatio=4 -XX:AdaptiveSizePolicyWeight=90 -Dsun.zip.disableMemoryMapping=true -Xmx2G -Xms100m -Xlog:disable -javaagent:c:\Users\Hp\.vscode\extensions\redhat.java-1.52.0-win32-x64\lombok\lombok-1.18.39-4050.jar -XX:+HeapDumpOnOutOfMemoryError -XX:HeapDumpPath=c:\Users\Hp\AppData\Roaming\Code\User\workspaceStorage\fd2da329d938b507d3e6932ec6bcaa12\redhat.java -Daether.dependencyCollector.impl=bf c:\Users\Hp\.vscode\extensions\redhat.java-1.52.0-win32-x64\server\plugins\org.eclipse.equinox.launcher_1.7.100.v20251111-0406.jar -configuration c:\Users\Hp\AppData\Roaming\Code\User\globalStorage\redhat.java\1.52.0\config_win -data c:\Users\Hp\AppData\Roaming\Code\User\workspaceStorage\fd2da329d938b507d3e6932ec6bcaa12\redhat.java\jdt_ws --pipe=\\.\pipe\lsp-e3fc991a9a6c1e4cc8d9c84afbd024e7-sock

Host: AMD Ryzen 7 PRO 4750U with Radeon Graphics, 16 cores, 15G,  Windows 11 , 64 bit Build 26100 (10.0.26100.7705)
Time: Mon Feb  9 16:53:48 2026 South Africa Standard Time elapsed time: 14.605537 seconds (0d 0h 0m 14s)

---------------  T H R E A D  ---------------

Current thread (0x000002cbf74a0e40):  JavaThread "C2 CompilerThread2" daemon [_thread_in_native, id=8348, stack(0x000000d1e3c00000,0x000000d1e3d00000) (1024K)]


Current CompileTask:
C2:14605 11808       4       java.lang.invoke.MethodType::methodType (69 bytes)

Stack: [0x000000d1e3c00000,0x000000d1e3d00000]
Native frames: (J=compiled Java code, j=interpreted, Vv=VM code, C=native code)
V  [jvm.dll+0x6d6e29]
V  [jvm.dll+0x8b4b76]
V  [jvm.dll+0x8b712e]
V  [jvm.dll+0x8b7813]
V  [jvm.dll+0x283d86]
V  [jvm.dll+0xc66ed]
V  [jvm.dll+0xc6c31]
V  [jvm.dll+0x3be501]
V  [jvm.dll+0x38ab92]
V  [jvm.dll+0x389fda]
V  [jvm.dll+0x24bfa0]
V  [jvm.dll+0x24b580]
V  [jvm.dll+0x1cb13e]
V  [jvm.dll+0x25b29d]
V  [jvm.dll+0x25982a]
V  [jvm.dll+0x3f7ea6]
V  [jvm.dll+0x85e9ad]
V  [jvm.dll+0x6d565d]
C  [ucrtbase.dll+0x37b0]
C  [KERNEL32.DLL+0x2e8d7]
C  [ntdll.dll+0x8c40c]


---------------  P R O C E S S  ---------------

Threads class SMR info:
_java_thread_list=0x000002cbf789a510, length=60, elements={
0x000002cb9364e520, 0x000002cb935fdc00, 0x000002cbec6d5fe0, 0x000002cbec6dcfb0,
0x000002cbec6de0e0, 0x000002cbec6e5760, 0x000002cbec6eb980, 0x000002cbec6f1ae0,
0x000002cbec6f7d20, 0x000002cbec7ec510, 0x000002cbec80fd30, 0x000002cbec938ef0,
0x000002cbec9e48a0, 0x000002cbec9eb0f0, 0x000002cbf2671980, 0x000002cbf2dbf120,
0x000002cbf2a037d0, 0x000002cbf2a08a30, 0x000002cbf2df2a60, 0x000002cbf3135890,
0x000002cbf33d8540, 0x000002cbf2f5dd10, 0x000002cbf30b6480, 0x000002cbf30b3d20,
0x000002cbf30b6b10, 0x000002cbf30b43b0, 0x000002cbf30b50d0, 0x000002cbf30b4a40,
0x000002cbf30b5760, 0x000002cbf30b5df0, 0x000002cbf30b3690, 0x000002cbf61ec0e0,
0x000002cbf61ece00, 0x000002cbf61ec770, 0x000002cbf61ee1b0, 0x000002cbf61f0280,
0x000002cbf61eeed0, 0x000002cbf61ee840, 0x000002cbf61ed490, 0x000002cbf61edb20,
0x000002cbf61f2350, 0x000002cbf61f0910, 0x000002cbf61f29e0, 0x000002cbf61ef560,
0x000002cbf61f0fa0, 0x000002cbf61f1630, 0x000002cbf61f1cc0, 0x000002cbf61efbf0,
0x000002cbf61f3700, 0x000002cbf31d2100, 0x000002cbf74a1be0, 0x000002cbf74a0e40,
0x000002cbf89a0bb0, 0x000002cbf92834d0, 0x000002cbf74a1510, 0x000002cbf31d4860,
0x000002cbf31d5c10, 0x000002cbf98d4d90, 0x000002cbf98d5ab0, 0x000002cbf98d3350
}

Java Threads: ( => current thread )
  0x000002cb9364e520 JavaThread "main"                              [_thread_blocked, id=15856, stack(0x000000d1df300000,0x000000d1df400000) (1024K)]
  0x000002cb935fdc00 JavaThread "Reference Handler"          daemon [_thread_blocked, id=11684, stack(0x000000d1df700000,0x000000d1df800000) (1024K)]
  0x000002cbec6d5fe0 JavaThread "Finalizer"                  daemon [_thread_blocked, id=18984, stack(0x000000d1df800000,0x000000d1df900000) (1024K)]
  0x000002cbec6dcfb0 JavaThread "Signal Dispatcher"          daemon [_thread_blocked, id=19976, stack(0x000000d1df900000,0x000000d1dfa00000) (1024K)]
  0x000002cbec6de0e0 JavaThread "Attach Listener"            daemon [_thread_blocked, id=2024, stack(0x000000d1dfa00000,0x000000d1dfb00000) (1024K)]
  0x000002cbec6e5760 JavaThread "Service Thread"             daemon [_thread_blocked, id=20312, stack(0x000000d1dfb00000,0x000000d1dfc00000) (1024K)]
  0x000002cbec6eb980 JavaThread "Monitor Deflation Thread"   daemon [_thread_blocked, id=13816, stack(0x000000d1dfc00000,0x000000d1dfd00000) (1024K)]
  0x000002cbec6f1ae0 JavaThread "C2 CompilerThread0"         daemon [_thread_blocked, id=5792, stack(0x000000d1dfd00000,0x000000d1dfe00000) (1024K)]
  0x000002cbec6f7d20 JavaThread "C1 CompilerThread0"         daemon [_thread_blocked, id=19756, stack(0x000000d1dfe00000,0x000000d1dff00000) (1024K)]
  0x000002cbec7ec510 JavaThread "C1 CompilerThread1"         daemon [_thread_blocked, id=3812, stack(0x000000d1dff00000,0x000000d1e0000000) (1024K)]
  0x000002cbec80fd30 JavaThread "C1 CompilerThread2"         daemon [_thread_blocked, id=8360, stack(0x000000d1e0000000,0x000000d1e0100000) (1024K)]
  0x000002cbec938ef0 JavaThread "Common-Cleaner"             daemon [_thread_blocked, id=20412, stack(0x000000d1e0200000,0x000000d1e0300000) (1024K)]
  0x000002cbec9e48a0 JavaThread "C1 CompilerThread3"         daemon [_thread_blocked, id=25008, stack(0x000000d1e0300000,0x000000d1e0400000) (1024K)]
  0x000002cbec9eb0f0 JavaThread "Notification Thread"        daemon [_thread_blocked, id=16780, stack(0x000000d1e0400000,0x000000d1e0500000) (1024K)]
  0x000002cbf2671980 JavaThread "Active Thread: Equinox Container: c0c73554-202d-45b6-8a98-e298a2ed0fb7"        [_thread_blocked, id=12884, stack(0x000000d1e0d00000,0x000000d1e0e00000) (1024K)]
  0x000002cbf2dbf120 JavaThread "Refresh Thread: Equinox Container: c0c73554-202d-45b6-8a98-e298a2ed0fb7" daemon [_thread_blocked, id=11196, stack(0x000000d1e0f00000,0x000000d1e1000000) (1024K)]
  0x000002cbf2a037d0 JavaThread "Framework Event Dispatcher: Equinox Container: c0c73554-202d-45b6-8a98-e298a2ed0fb7" daemon [_thread_blocked, id=22384, stack(0x000000d1e1000000,0x000000d1e1100000) (1024K)]
  0x000002cbf2a08a30 JavaThread "Start Level: Equinox Container: c0c73554-202d-45b6-8a98-e298a2ed0fb7" daemon [_thread_blocked, id=23540, stack(0x000000d1e1100000,0x000000d1e1200000) (1024K)]
  0x000002cbf2df2a60 JavaThread "Bundle File Closer"         daemon [_thread_blocked, id=19232, stack(0x000000d1e1500000,0x000000d1e1600000) (1024K)]
  0x000002cbf3135890 JavaThread "SCR Component Actor"        daemon [_thread_blocked, id=21920, stack(0x000000d1e0500000,0x000000d1e0600000) (1024K)]
  0x000002cbf33d8540 JavaThread "Worker-JM"                         [_thread_blocked, id=23960, stack(0x000000d1e1600000,0x000000d1e1700000) (1024K)]
  0x000002cbf2f5dd10 JavaThread "Worker-0"                          [_thread_blocked, id=12752, stack(0x000000d1e1800000,0x000000d1e1900000) (1024K)]
  0x000002cbf30b6480 JavaThread "Worker-1: Java indexing... "        [_thread_blocked, id=15320, stack(0x000000d1e1900000,0x000000d1e1a00000) (1024K)]
  0x000002cbf30b3d20 JavaThread "Java indexing"              daemon [_thread_blocked, id=16720, stack(0x000000d1e1b00000,0x000000d1e1c00000) (1024K)]
  0x000002cbf30b6b10 JavaThread "JNA Cleaner"                daemon [_thread_blocked, id=20840, stack(0x000000d1e1c00000,0x000000d1e1d00000) (1024K)]
  0x000002cbf30b43b0 JavaThread "Worker-2: Check JDK Index"         [_thread_blocked, id=15212, stack(0x000000d1e2000000,0x000000d1e2100000) (1024K)]
  0x000002cbf30b50d0 JavaThread "Worker-3: Initialize workspace"        [_thread_blocked, id=16412, stack(0x000000d1e2100000,0x000000d1e2200000) (1024K)]
  0x000002cbf30b4a40 JavaThread "Worker-4"                          [_thread_blocked, id=25012, stack(0x000000d1e2200000,0x000000d1e2300000) (1024K)]
  0x000002cbf30b5760 JavaThread "Worker-5"                          [_thread_blocked, id=21512, stack(0x000000d1e2300000,0x000000d1e2400000) (1024K)]
  0x000002cbf30b5df0 JavaThread "Thread-1"                   daemon [_thread_in_native, id=19740, stack(0x000000d1e2600000,0x000000d1e2700000) (1024K)]
  0x000002cbf30b3690 JavaThread "Thread-2"                   daemon [_thread_in_native, id=1984, stack(0x000000d1e2700000,0x000000d1e2800000) (1024K)]
  0x000002cbf61ec0e0 JavaThread "Thread-3"                   daemon [_thread_in_native, id=21316, stack(0x000000d1e2800000,0x000000d1e2900000) (1024K)]
  0x000002cbf61ece00 JavaThread "Thread-4"                   daemon [_thread_in_native, id=23924, stack(0x000000d1e2900000,0x000000d1e2a00000) (1024K)]
  0x000002cbf61ec770 JavaThread "Thread-5"                   daemon [_thread_in_native, id=3836, stack(0x000000d1e2a00000,0x000000d1e2b00000) (1024K)]
  0x000002cbf61ee1b0 JavaThread "Thread-6"                   daemon [_thread_in_native, id=21568, stack(0x000000d1e2b00000,0x000000d1e2c00000) (1024K)]
  0x000002cbf61f0280 JavaThread "Thread-7"                   daemon [_thread_in_native, id=15460, stack(0x000000d1e2c00000,0x000000d1e2d00000) (1024K)]
  0x000002cbf61eeed0 JavaThread "Thread-8"                   daemon [_thread_in_native, id=21912, stack(0x000000d1e2d00000,0x000000d1e2e00000) (1024K)]
  0x000002cbf61ee840 JavaThread "Thread-9"                   daemon [_thread_in_native, id=11816, stack(0x000000d1e2e00000,0x000000d1e2f00000) (1024K)]
  0x000002cbf61ed490 JavaThread "Thread-10"                  daemon [_thread_in_native, id=21908, stack(0x000000d1e2f00000,0x000000d1e3000000) (1024K)]
  0x000002cbf61edb20 JavaThread "Thread-11"                  daemon [_thread_in_native, id=18800, stack(0x000000d1e3000000,0x000000d1e3100000) (1024K)]
  0x000002cbf61f2350 JavaThread "Thread-12"                  daemon [_thread_in_native, id=21412, stack(0x000000d1e3100000,0x000000d1e3200000) (1024K)]
  0x000002cbf61f0910 JavaThread "Thread-13"                  daemon [_thread_in_native, id=17100, stack(0x000000d1e3200000,0x000000d1e3300000) (1024K)]
  0x000002cbf61f29e0 JavaThread "Thread-14"                  daemon [_thread_in_native, id=23316, stack(0x000000d1e3300000,0x000000d1e3400000) (1024K)]
  0x000002cbf61ef560 JavaThread "Thread-15"                  daemon [_thread_in_native, id=10520, stack(0x000000d1e3400000,0x000000d1e3500000) (1024K)]
  0x000002cbf61f0fa0 JavaThread "Thread-16"                  daemon [_thread_in_native, id=10980, stack(0x000000d1e3500000,0x000000d1e3600000) (1024K)]
  0x000002cbf61f1630 JavaThread "Thread-17"                  daemon [_thread_in_native, id=24912, stack(0x000000d1e3600000,0x000000d1e3700000) (1024K)]
  0x000002cbf61f1cc0 JavaThread "pool-2-thread-1"                   [_thread_blocked, id=9600, stack(0x000000d1e3700000,0x000000d1e3800000) (1024K)]
  0x000002cbf61efbf0 JavaThread "WorkspaceEventsHandler"            [_thread_blocked, id=3172, stack(0x000000d1e3900000,0x000000d1e3a00000) (1024K)]
  0x000002cbf61f3700 JavaThread "pool-1-thread-1"                   [_thread_blocked, id=11164, stack(0x000000d1e3a00000,0x000000d1e3b00000) (1024K)]
  0x000002cbf31d2100 JavaThread "Keep-Alive-Timer"           daemon [_thread_blocked, id=19908, stack(0x000000d1e3e00000,0x000000d1e3f00000) (1024K)]
  0x000002cbf74a1be0 JavaThread "C2 CompilerThread1"         daemon [_thread_blocked, id=23804, stack(0x000000d1e3b00000,0x000000d1e3c00000) (1024K)]
=>0x000002cbf74a0e40 JavaThread "C2 CompilerThread2"         daemon [_thread_in_native, id=8348, stack(0x000000d1e3c00000,0x000000d1e3d00000) (1024K)]
  0x000002cbf89a0bb0 JavaThread "C2 CompilerThread3"         daemon [_thread_blocked, id=13256, stack(0x000000d1e0100000,0x000000d1e0200000) (1024K)]
  0x000002cbf92834d0 JavaThread "C2 CompilerThread4"         daemon [_thread_blocked, id=22676, stack(0x000000d1e1a00000,0x000000d1e1b00000) (1024K)]
  0x000002cbf74a1510 JavaThread "C2 CompilerThread5"         daemon [_thread_blocked, id=16348, stack(0x000000d1e2400000,0x000000d1e2500000) (1024K)]
  0x000002cbf31d4860 JavaThread "Compiler Source File Reader" daemon [_thread_blocked, id=24512, stack(0x000000d1e3800000,0x000000d1e3900000) (1024K)]
  0x000002cbf31d5c10 JavaThread "Compiler Processing Task"   daemon [_thread_blocked, id=6060, stack(0x000000d1e4000000,0x000000d1e4100000) (1024K)]
  0x000002cbf98d4d90 JavaThread "Compiler Class File Writer" daemon [_thread_blocked, id=3408, stack(0x000000d1e4100000,0x000000d1e4200000) (1024K)]
  0x000002cbf98d5ab0 JavaThread "Compiler Source File Reader" daemon [_thread_blocked, id=12924, stack(0x000000d1e4200000,0x000000d1e4300000) (1024K)]
  0x000002cbf98d3350 JavaThread "Compiler Class File Writer" daemon [_thread_blocked, id=23080, stack(0x000000d1e4300000,0x000000d1e4400000) (1024K)]
Total: 60

Other Threads:
  0x000002cb91170400 VMThread "VM Thread"                           [id=19432, stack(0x000000d1df600000,0x000000d1df700000) (1024K)]
  0x000002cb934dca10 WatcherThread "VM Periodic Task Thread"        [id=17872, stack(0x000000d1df500000,0x000000d1df600000) (1024K)]
  0x000002cb911707a0 WorkerThread "GC Thread#0"                     [id=2440, stack(0x000000d1df400000,0x000000d1df500000) (1024K)]
  0x000002cb9116f920 WorkerThread "GC Thread#1"                     [id=19940, stack(0x000000d1e0600000,0x000000d1e0700000) (1024K)]
  0x000002cb91170b40 WorkerThread "GC Thread#2"                     [id=14152, stack(0x000000d1e0700000,0x000000d1e0800000) (1024K)]
  0x000002cbf2436800 WorkerThread "GC Thread#3"                     [id=22400, stack(0x000000d1e0800000,0x000000d1e0900000) (1024K)]
  0x000002cbf24355e0 WorkerThread "GC Thread#4"                     [id=4228, stack(0x000000d1e0900000,0x000000d1e0a00000) (1024K)]
  0x000002cbf24343c0 WorkerThread "GC Thread#5"                     [id=7196, stack(0x000000d1e0a00000,0x000000d1e0b00000) (1024K)]
  0x000002cbf24372e0 WorkerThread "GC Thread#6"                     [id=16864, stack(0x000000d1e0b00000,0x000000d1e0c00000) (1024K)]
  0x000002cbf2435980 WorkerThread "GC Thread#7"                     [id=3800, stack(0x000000d1e0e00000,0x000000d1e0f00000) (1024K)]
  0x000002cbf2436ba0 WorkerThread "GC Thread#8"                     [id=22288, stack(0x000000d1e1200000,0x000000d1e1300000) (1024K)]
  0x000002cbf2437680 WorkerThread "GC Thread#9"                     [id=24380, stack(0x000000d1e1300000,0x000000d1e1400000) (1024K)]
  0x000002cbf2434760 WorkerThread "GC Thread#10"                    [id=23236, stack(0x000000d1e1400000,0x000000d1e1500000) (1024K)]
  0x000002cbf2436f40 WorkerThread "GC Thread#11"                    [id=14896, stack(0x000000d1e0c00000,0x000000d1e0d00000) (1024K)]
  0x000002cbf2435d20 WorkerThread "GC Thread#12"                    [id=15092, stack(0x000000d1e1700000,0x000000d1e1800000) (1024K)]
Total: 15

Threads with active compile tasks:
C2 CompilerThread0  14643 11826  s    4       sun.nio.ch.ChannelInputStream::read (77 bytes)
C2 CompilerThread2  14643 11808       4       java.lang.invoke.MethodType::methodType (69 bytes)
C2 CompilerThread3  14643 11468   !   4       org.eclipse.jdt.internal.core.search.indexing.BinaryIndexer::indexDocument (1172 bytes)
Total: 3

VM state: at safepoint (normal execution)

VM Mutex/Monitor currently owned by a thread:  ([mutex/lock_event])
[0x00007fff0c3ad570] Threads_lock - owner thread: 0x000002cb91170400
[0x00007fff0c3ad670] Heap_lock - owner thread: 0x000002cbf30b50d0

Heap address: 0x0000000080000000, size: 2048 MB, Compressed Oops mode: 32-bit

CDS archive(s) mapped at: [0x000002cbaa000000-0x000002cbaaba0000-0x000002cbaaba0000), size 12189696, SharedBaseAddress: 0x000002cbaa000000, ArchiveRelocationMode: 1.
Compressed class space mapped at: 0x000002cbab000000-0x000002cbeb000000, reserved size: 1073741824
Narrow klass base: 0x000002cbaa000000, Narrow klass shift: 0, Narrow klass range: 0x100000000

GC Precious Log:
 CardTable entry size: 512
 CPUs: 16 total, 16 available
 Memory: 15697M
 Large Page Support: Disabled
 NUMA Support: Disabled
 Compressed Oops: Enabled (32-bit)
 Alignments: Space 512K, Generation 512K, Heap 2M
 Heap Min Capacity: 100M
 Heap Initial Capacity: 100M
 Heap Max Capacity: 2G
 Pre-touch: Disabled
 Parallel Workers: 13

Heap:
 PSYoungGen      total 8704K, used 8333K [0x00000000d5580000, 0x00000000d6000000, 0x0000000100000000)
  eden space 6656K, 100% used [0x00000000d5580000,0x00000000d5c00000,0x00000000d5c00000)
  from space 2048K, 81% used [0x00000000d5d00000,0x00000000d5ea3668,0x00000000d5f00000)
  to   space 1024K, 99% used [0x00000000d5f00000,0x00000000d5ffee58,0x00000000d6000000)
 ParOldGen       total 160768K, used 160543K [0x0000000080000000, 0x0000000089d00000, 0x00000000d5580000)
  object space 160768K, 99% used [0x0000000080000000,0x0000000089cc7ff0,0x0000000089d00000)
 Metaspace       used 66143K, committed 67712K, reserved 1114112K
  class space    used 7161K, committed 7808K, reserved 1048576K

Card table byte_map: [0x000002cb92ff0000,0x000002cb93400000] _byte_map_base: 0x000002cb92bf0000

Marking Bits: (ParMarkBitMap*) 0x00007fff0c3b2460
 Begin Bits: [0x000002cba5b00000, 0x000002cba7b00000)
 End Bits:   [0x000002cba7b00000, 0x000002cba9b00000)

Polling page: 0x000002cb91480000

Metaspace:

Usage:
  Non-class:     57.60 MB used.
      Class:      6.99 MB used.
       Both:     64.59 MB used.

Virtual space:
  Non-class space:       64.00 MB reserved,      58.50 MB ( 91%) committed,  1 nodes.
      Class space:        1.00 GB reserved,       7.62 MB ( <1%) committed,  1 nodes.
             Both:        1.06 GB reserved,      66.12 MB (  6%) committed. 

Chunk freelists:
   Non-Class:  5.55 MB
       Class:  8.20 MB
        Both:  13.75 MB

MaxMetaspaceSize: unlimited
CompressedClassSpaceSize: 1.00 GB
Initial GC threshold: 21.00 MB
Current GC threshold: 97.31 MB
CDS: on
 - commit_granule_bytes: 65536.
 - commit_granule_words: 8192.
 - virtual_space_node_default_size: 8388608.
 - enlarge_chunks_in_place: 1.
 - use_allocation_guard: 0.


Internal statistics:

num_allocs_failed_limit: 9.
num_arena_births: 1168.
num_arena_deaths: 32.
num_vsnodes_births: 2.
num_vsnodes_deaths: 0.
num_space_committed: 1058.
num_space_uncommitted: 0.
num_chunks_returned_to_freelist: 46.
num_chunks_taken_from_freelist: 4078.
num_chunk_merges: 17.
num_chunk_splits: 2501.
num_chunks_enlarged: 1472.
num_inconsistent_stats: 0.

CodeHeap 'non-profiled nmethods': size=119168Kb used=8417Kb max_used=8417Kb free=110750Kb
 bounds [0x000002cb9e3f0000, 0x000002cb9ec30000, 0x000002cba5850000]
CodeHeap 'profiled nmethods': size=119104Kb used=24231Kb max_used=24231Kb free=94872Kb
 bounds [0x000002cb96850000, 0x000002cb98000000, 0x000002cb9dca0000]
CodeHeap 'non-nmethods': size=7488Kb used=3169Kb max_used=3235Kb free=4318Kb
 bounds [0x000002cb9dca0000, 0x000002cb9dfd0000, 0x000002cb9e3f0000]
CodeCache: size=245760Kb, used=35817Kb, max_used=35883Kb, free=209940Kb
 total_blobs=11840, nmethods=11058, adapters=683, full_count=0
Compilation: enabled, stopped_count=0, restarted_count=0

Compilation events (20 events):
Event: 14.504 Thread 0x000002cbec80fd30 11817       3       java.util.ArrayDeque::peekLast (19 bytes)
Event: 14.504 Thread 0x000002cbec80fd30 nmethod 11817 0x000002cb97ff6990 code [0x000002cb97ff6b40, 0x000002cb97ff6d60]
Event: 14.510 Thread 0x000002cbf74a1be0 11818       4       com.google.common.cache.LocalCache::get (21 bytes)
Event: 14.515 Thread 0x000002cbf92834d0 11819       4       org.eclipse.jdt.internal.core.search.indexing.BinaryIndexer::convertToArrayType (63 bytes)
Event: 14.521 Thread 0x000002cbf92834d0 nmethod 11819 0x000002cb9ec19610 code [0x000002cb9ec197c0, 0x000002cb9ec19c80]
Event: 14.522 Thread 0x000002cbec6f1ae0 11820       4       java.lang.Long::valueOf (40 bytes)
Event: 14.524 Thread 0x000002cbec6f1ae0 nmethod 11820 0x000002cb9ec19e10 code [0x000002cb9ec19fa0, 0x000002cb9ec1a0c0]
Event: 14.531 Thread 0x000002cbf74a1be0 nmethod 11818 0x000002cb9ec1a190 code [0x000002cb9ec1a460, 0x000002cb9ec1b210]
Event: 14.552 Thread 0x000002cbf74a1510 nmethod 11673 0x000002cb9ec1c210 code [0x000002cb9ec1cca0, 0x000002cb9ec24358]
Event: 14.555 Thread 0x000002cbec6f7d20 11821       3       java.util.Properties::containsKey (9 bytes)
Event: 14.555 Thread 0x000002cbec6f7d20 nmethod 11821 0x000002cb97ff6e90 code [0x000002cb97ff7040, 0x000002cb97ff7338]
Event: 14.571 Thread 0x000002cbec7ec510 11822       3       org.apache.maven.artifact.repository.MavenArtifactRepository::decode (92 bytes)
Event: 14.572 Thread 0x000002cbec7ec510 nmethod 11822 0x000002cb97ff7410 code [0x000002cb97ff76c0, 0x000002cb97ff8168]
Event: 14.572 Thread 0x000002cbec6f7d20 11823   !   3       org.eclipse.m2e.core.internal.project.registry.ProjectRegistryManager::getMavenProject (64 bytes)
Event: 14.572 Thread 0x000002cbec7ec510 11824       3       org.eclipse.m2e.core.internal.project.registry.ProjectRegistryManager$$Lambda/0x000002cbab60f000::<init> (10 bytes)
Event: 14.572 Thread 0x000002cbec7ec510 nmethod 11824 0x000002cb97ff8610 code [0x000002cb97ff87c0, 0x000002cb97ff8948]
Event: 14.573 Thread 0x000002cbec6f7d20 nmethod 11823 0x000002cb97ff8a10 code [0x000002cb97ff8c80, 0x000002cb97ff9978]
Event: 14.583 Thread 0x000002cbf74a1be0 11825       4       com.google.common.cache.LocalCache$WeakEntry::getKey (5 bytes)
Event: 14.584 Thread 0x000002cbf74a1be0 nmethod 11825 0x000002cb9ec28490 code [0x000002cb9ec28620, 0x000002cb9ec286b0]
Event: 14.590 Thread 0x000002cbec6f1ae0 11826  s    4       sun.nio.ch.ChannelInputStream::read (77 bytes)

GC Heap History (20 events):
Event: 14.324 GC heap after
{Heap after GC invocations=106 (full 3):
 PSYoungGen      total 8704K, used 1570K [0x00000000d5580000, 0x00000000d6000000, 0x0000000100000000)
  eden space 6656K, 0% used [0x00000000d5580000,0x00000000d5580000,0x00000000d5c00000)
  from space 2048K, 76% used [0x00000000d5c00000,0x00000000d5d88b70,0x00000000d5e00000)
  to   space 2048K, 0% used [0x00000000d5e00000,0x00000000d5e00000,0x00000000d6000000)
 ParOldGen       total 148480K, used 148421K [0x0000000080000000, 0x0000000089100000, 0x00000000d5580000)
  object space 148480K, 99% used [0x0000000080000000,0x00000000890f16f8,0x0000000089100000)
 Metaspace       used 65757K, committed 67264K, reserved 1114112K
  class space    used 7126K, committed 7808K, reserved 1048576K
}
Event: 14.343 GC heap before
{Heap before GC invocations=107 (full 3):
 PSYoungGen      total 8704K, used 8226K [0x00000000d5580000, 0x00000000d6000000, 0x0000000100000000)
  eden space 6656K, 100% used [0x00000000d5580000,0x00000000d5c00000,0x00000000d5c00000)
  from space 2048K, 76% used [0x00000000d5c00000,0x00000000d5d88b70,0x00000000d5e00000)
  to   space 2048K, 0% used [0x00000000d5e00000,0x00000000d5e00000,0x00000000d6000000)
 ParOldGen       total 148480K, used 148421K [0x0000000080000000, 0x0000000089100000, 0x00000000d5580000)
  object space 148480K, 99% used [0x0000000080000000,0x00000000890f16f8,0x0000000089100000)
 Metaspace       used 65895K, committed 67456K, reserved 1114112K
  class space    used 7133K, committed 7808K, reserved 1048576K
}
Event: 14.345 GC heap after
{Heap after GC invocations=107 (full 3):
 PSYoungGen      total 8704K, used 1450K [0x00000000d5580000, 0x00000000d6000000, 0x0000000100000000)
  eden space 6656K, 0% used [0x00000000d5580000,0x00000000d5580000,0x00000000d5c00000)
  from space 2048K, 70% used [0x00000000d5e00000,0x00000000d5f6a968,0x00000000d6000000)
  to   space 2048K, 0% used [0x00000000d5c00000,0x00000000d5c00000,0x00000000d5e00000)
 ParOldGen       total 150016K, used 149825K [0x0000000080000000, 0x0000000089280000, 0x00000000d5580000)
  object space 150016K, 99% used [0x0000000080000000,0x00000000892506d8,0x0000000089280000)
 Metaspace       used 65895K, committed 67456K, reserved 1114112K
  class space    used 7133K, committed 7808K, reserved 1048576K
}
Event: 14.366 GC heap before
{Heap before GC invocations=108 (full 3):
 PSYoungGen      total 8704K, used 8106K [0x00000000d5580000, 0x00000000d6000000, 0x0000000100000000)
  eden space 6656K, 100% used [0x00000000d5580000,0x00000000d5c00000,0x00000000d5c00000)
  from space 2048K, 70% used [0x00000000d5e00000,0x00000000d5f6a968,0x00000000d6000000)
  to   space 2048K, 0% used [0x00000000d5c00000,0x00000000d5c00000,0x00000000d5e00000)
 ParOldGen       total 150016K, used 149825K [0x0000000080000000, 0x0000000089280000, 0x00000000d5580000)
  object space 150016K, 99% used [0x0000000080000000,0x00000000892506d8,0x0000000089280000)
 Metaspace       used 66062K, committed 67584K, reserved 1114112K
  class space    used 7145K, committed 7808K, reserved 1048576K
}
Event: 14.368 GC heap after
{Heap after GC invocations=108 (full 3):
 PSYoungGen      total 8704K, used 1629K [0x00000000d5580000, 0x00000000d6000000, 0x0000000100000000)
  eden space 6656K, 0% used [0x00000000d5580000,0x00000000d5580000,0x00000000d5c00000)
  from space 2048K, 79% used [0x00000000d5c00000,0x00000000d5d976a0,0x00000000d5e00000)
  to   space 2048K, 0% used [0x00000000d5e00000,0x00000000d5e00000,0x00000000d6000000)
 ParOldGen       total 151552K, used 151042K [0x0000000080000000, 0x0000000089400000, 0x00000000d5580000)
  object space 151552K, 99% used [0x0000000080000000,0x00000000893809e0,0x0000000089400000)
 Metaspace       used 66062K, committed 67584K, reserved 1114112K
  class space    used 7145K, committed 7808K, reserved 1048576K
}
Event: 14.400 GC heap before
{Heap before GC invocations=109 (full 3):
 PSYoungGen      total 8704K, used 8285K [0x00000000d5580000, 0x00000000d6000000, 0x0000000100000000)
  eden space 6656K, 100% used [0x00000000d5580000,0x00000000d5c00000,0x00000000d5c00000)
  from space 2048K, 79% used [0x00000000d5c00000,0x00000000d5d976a0,0x00000000d5e00000)
  to   space 2048K, 0% used [0x00000000d5e00000,0x00000000d5e00000,0x00000000d6000000)
 ParOldGen       total 151552K, used 151042K [0x0000000080000000, 0x0000000089400000, 0x00000000d5580000)
  object space 151552K, 99% used [0x0000000080000000,0x00000000893809e0,0x0000000089400000)
 Metaspace       used 66131K, committed 67712K, reserved 1114112K
  class space    used 7159K, committed 7808K, reserved 1048576K
}
Event: 14.402 GC heap after
{Heap after GC invocations=109 (full 3):
 PSYoungGen      total 8704K, used 1653K [0x00000000d5580000, 0x00000000d6000000, 0x0000000100000000)
  eden space 6656K, 0% used [0x00000000d5580000,0x00000000d5580000,0x00000000d5c00000)
  from space 2048K, 80% used [0x00000000d5e00000,0x00000000d5f9d4b8,0x00000000d6000000)
  to   space 2048K, 0% used [0x00000000d5c00000,0x00000000d5c00000,0x00000000d5e00000)
 ParOldGen       total 152576K, used 152427K [0x0000000080000000, 0x0000000089500000, 0x00000000d5580000)
  object space 152576K, 99% used [0x0000000080000000,0x00000000894daf88,0x0000000089500000)
 Metaspace       used 66131K, committed 67712K, reserved 1114112K
  class space    used 7159K, committed 7808K, reserved 1048576K
}
Event: 14.431 GC heap before
{Heap before GC invocations=110 (full 3):
 PSYoungGen      total 8704K, used 8309K [0x00000000d5580000, 0x00000000d6000000, 0x0000000100000000)
  eden space 6656K, 100% used [0x00000000d5580000,0x00000000d5c00000,0x00000000d5c00000)
  from space 2048K, 80% used [0x00000000d5e00000,0x00000000d5f9d4b8,0x00000000d6000000)
  to   space 2048K, 0% used [0x00000000d5c00000,0x00000000d5c00000,0x00000000d5e00000)
 ParOldGen       total 152576K, used 152427K [0x0000000080000000, 0x0000000089500000, 0x00000000d5580000)
  object space 152576K, 99% used [0x0000000080000000,0x00000000894daf88,0x0000000089500000)
 Metaspace       used 66140K, committed 67712K, reserved 1114112K
  class space    used 7161K, committed 7808K, reserved 1048576K
}
Event: 14.433 GC heap after
{Heap after GC invocations=110 (full 3):
 PSYoungGen      total 8704K, used 1673K [0x00000000d5580000, 0x00000000d6000000, 0x0000000100000000)
  eden space 6656K, 0% used [0x00000000d5580000,0x00000000d5580000,0x00000000d5c00000)
  from space 2048K, 81% used [0x00000000d5c00000,0x00000000d5da2548,0x00000000d5e00000)
  to   space 2048K, 0% used [0x00000000d5e00000,0x00000000d5e00000,0x00000000d6000000)
 ParOldGen       total 154112K, used 153855K [0x0000000080000000, 0x0000000089680000, 0x00000000d5580000)
  object space 154112K, 99% used [0x0000000080000000,0x000000008963fe38,0x0000000089680000)
 Metaspace       used 66140K, committed 67712K, reserved 1114112K
  class space    used 7161K, committed 7808K, reserved 1048576K
}
Event: 14.461 GC heap before
{Heap before GC invocations=111 (full 3):
 PSYoungGen      total 8704K, used 8329K [0x00000000d5580000, 0x00000000d6000000, 0x0000000100000000)
  eden space 6656K, 100% used [0x00000000d5580000,0x00000000d5c00000,0x00000000d5c00000)
  from space 2048K, 81% used [0x00000000d5c00000,0x00000000d5da2548,0x00000000d5e00000)
  to   space 2048K, 0% used [0x00000000d5e00000,0x00000000d5e00000,0x00000000d6000000)
 ParOldGen       total 154112K, used 153855K [0x0000000080000000, 0x0000000089680000, 0x00000000d5580000)
  object space 154112K, 99% used [0x0000000080000000,0x000000008963fe38,0x0000000089680000)
 Metaspace       used 66140K, committed 67712K, reserved 1114112K
  class space    used 7161K, committed 7808K, reserved 1048576K
}
Event: 14.463 GC heap after
{Heap after GC invocations=111 (full 3):
 PSYoungGen      total 8192K, used 1258K [0x00000000d5580000, 0x00000000d5f80000, 0x0000000100000000)
  eden space 6656K, 0% used [0x00000000d5580000,0x00000000d5580000,0x00000000d5c00000)
  from space 1536K, 81% used [0x00000000d5e00000,0x00000000d5f3a808,0x00000000d5f80000)
  to   space 1536K, 0% used [0x00000000d5c80000,0x00000000d5c80000,0x00000000d5e00000)
 ParOldGen       total 155648K, used 155222K [0x0000000080000000, 0x0000000089800000, 0x00000000d5580000)
  object space 155648K, 99% used [0x0000000080000000,0x0000000089795988,0x0000000089800000)
 Metaspace       used 66140K, committed 67712K, reserved 1114112K
  class space    used 7161K, committed 7808K, reserved 1048576K
}
Event: 14.498 GC heap before
{Heap before GC invocations=112 (full 3):
 PSYoungGen      total 8192K, used 7878K [0x00000000d5580000, 0x00000000d5f80000, 0x0000000100000000)
  eden space 6656K, 99% used [0x00000000d5580000,0x00000000d5bf7348,0x00000000d5c00000)
  from space 1536K, 81% used [0x00000000d5e00000,0x00000000d5f3a808,0x00000000d5f80000)
  to   space 1536K, 0% used [0x00000000d5c80000,0x00000000d5c80000,0x00000000d5e00000)
 ParOldGen       total 155648K, used 155222K [0x0000000080000000, 0x0000000089800000, 0x00000000d5580000)
  object space 155648K, 99% used [0x0000000080000000,0x0000000089795988,0x0000000089800000)
 Metaspace       used 66141K, committed 67712K, reserved 1114112K
  class space    used 7161K, committed 7808K, reserved 1048576K
}
Event: 14.501 GC heap after
{Heap after GC invocations=112 (full 3):
 PSYoungGen      total 8192K, used 1527K [0x00000000d5580000, 0x00000000d6200000, 0x0000000100000000)
  eden space 6656K, 0% used [0x00000000d5580000,0x00000000d5580000,0x00000000d5c00000)
  from space 1536K, 99% used [0x00000000d5c80000,0x00000000d5dfdf90,0x00000000d5e00000)
  to   space 3072K, 0% used [0x00000000d5f00000,0x00000000d5f00000,0x00000000d6200000)
 ParOldGen       total 156672K, used 156272K [0x0000000080000000, 0x0000000089900000, 0x00000000d5580000)
  object space 156672K, 99% used [0x0000000080000000,0x000000008989c3e0,0x0000000089900000)
 Metaspace       used 66141K, committed 67712K, reserved 1114112K
  class space    used 7161K, committed 7808K, reserved 1048576K
}
Event: 14.528 GC heap before
{Heap before GC invocations=113 (full 3):
 PSYoungGen      total 8192K, used 8183K [0x00000000d5580000, 0x00000000d6200000, 0x0000000100000000)
  eden space 6656K, 100% used [0x00000000d5580000,0x00000000d5c00000,0x00000000d5c00000)
  from space 1536K, 99% used [0x00000000d5c80000,0x00000000d5dfdf90,0x00000000d5e00000)
  to   space 3072K, 0% used [0x00000000d5f00000,0x00000000d5f00000,0x00000000d6200000)
 ParOldGen       total 156672K, used 156272K [0x0000000080000000, 0x0000000089900000, 0x00000000d5580000)
  object space 156672K, 99% used [0x0000000080000000,0x000000008989c3e0,0x0000000089900000)
 Metaspace       used 66142K, committed 67712K, reserved 1114112K
  class space    used 7161K, committed 7808K, reserved 1048576K
}
Event: 14.530 GC heap after
{Heap after GC invocations=113 (full 3):
 PSYoungGen      total 8704K, used 1665K [0x00000000d5580000, 0x00000000d6100000, 0x0000000100000000)
  eden space 6656K, 0% used [0x00000000d5580000,0x00000000d5580000,0x00000000d5c00000)
  from space 2048K, 81% used [0x00000000d5f00000,0x00000000d60a0648,0x00000000d6100000)
  to   space 2048K, 0% used [0x00000000d5d00000,0x00000000d5d00000,0x00000000d5f00000)
 ParOldGen       total 158208K, used 157718K [0x0000000080000000, 0x0000000089a80000, 0x00000000d5580000)
  object space 158208K, 99% used [0x0000000080000000,0x0000000089a05a50,0x0000000089a80000)
 Metaspace       used 66142K, committed 67712K, reserved 1114112K
  class space    used 7161K, committed 7808K, reserved 1048576K
}
Event: 14.560 GC heap before
{Heap before GC invocations=114 (full 3):
 PSYoungGen      total 8704K, used 8321K [0x00000000d5580000, 0x00000000d6100000, 0x0000000100000000)
  eden space 6656K, 100% used [0x00000000d5580000,0x00000000d5c00000,0x00000000d5c00000)
  from space 2048K, 81% used [0x00000000d5f00000,0x00000000d60a0648,0x00000000d6100000)
  to   space 2048K, 0% used [0x00000000d5d00000,0x00000000d5d00000,0x00000000d5f00000)
 ParOldGen       total 158208K, used 157718K [0x0000000080000000, 0x0000000089a80000, 0x00000000d5580000)
  object space 158208K, 99% used [0x0000000080000000,0x0000000089a05a50,0x0000000089a80000)
 Metaspace       used 66142K, committed 67712K, reserved 1114112K
  class space    used 7161K, committed 7808K, reserved 1048576K
}
Event: 14.562 GC heap after
{Heap after GC invocations=114 (full 3):
 PSYoungGen      total 8704K, used 1677K [0x00000000d5580000, 0x00000000d6000000, 0x0000000100000000)
  eden space 6656K, 0% used [0x00000000d5580000,0x00000000d5580000,0x00000000d5c00000)
  from space 2048K, 81% used [0x00000000d5d00000,0x00000000d5ea3668,0x00000000d5f00000)
  to   space 1024K, 0% used [0x00000000d5f00000,0x00000000d5f00000,0x00000000d6000000)
 ParOldGen       total 159232K, used 159211K [0x0000000080000000, 0x0000000089b80000, 0x00000000d5580000)
  object space 159232K, 99% used [0x0000000080000000,0x0000000089b7af20,0x0000000089b80000)
 Metaspace       used 66142K, committed 67712K, reserved 1114112K
  class space    used 7161K, committed 7808K, reserved 1048576K
}
Event: 14.597 GC heap before
{Heap before GC invocations=115 (full 3):
 PSYoungGen      total 8704K, used 8333K [0x00000000d5580000, 0x00000000d6000000, 0x0000000100000000)
  eden space 6656K, 100% used [0x00000000d5580000,0x00000000d5c00000,0x00000000d5c00000)
  from space 2048K, 81% used [0x00000000d5d00000,0x00000000d5ea3668,0x00000000d5f00000)
  to   space 1024K, 0% used [0x00000000d5f00000,0x00000000d5f00000,0x00000000d6000000)
 ParOldGen       total 159232K, used 159211K [0x0000000080000000, 0x0000000089b80000, 0x00000000d5580000)
  object space 159232K, 99% used [0x0000000080000000,0x0000000089b7af20,0x0000000089b80000)
 Metaspace       used 66143K, committed 67712K, reserved 1114112K
  class space    used 7161K, committed 7808K, reserved 1048576K
}
Event: 14.600 GC heap after
{Heap after GC invocations=115 (full 3):
 PSYoungGen      total 8704K, used 8333K [0x00000000d5580000, 0x00000000d6000000, 0x0000000100000000)
  eden space 6656K, 100% used [0x00000000d5580000,0x00000000d5c00000,0x00000000d5c00000)
  from space 2048K, 81% used [0x00000000d5d00000,0x00000000d5ea3668,0x00000000d5f00000)
  to   space 1024K, 99% used [0x00000000d5f00000,0x00000000d5ffee58,0x00000000d6000000)
 ParOldGen       total 160768K, used 160543K [0x0000000080000000, 0x0000000089d00000, 0x00000000d5580000)
  object space 160768K, 99% used [0x0000000080000000,0x0000000089cc7ff0,0x0000000089d00000)
 Metaspace       used 66143K, committed 67712K, reserved 1114112K
  class space    used 7161K, committed 7808K, reserved 1048576K
}
Event: 14.600 GC heap before
{Heap before GC invocations=116 (full 4):
 PSYoungGen      total 8704K, used 8333K [0x00000000d5580000, 0x00000000d6000000, 0x0000000100000000)
  eden space 6656K, 100% used [0x00000000d5580000,0x00000000d5c00000,0x00000000d5c00000)
  from space 2048K, 81% used [0x00000000d5d00000,0x00000000d5ea3668,0x00000000d5f00000)
  to   space 1024K, 99% used [0x00000000d5f00000,0x00000000d5ffee58,0x00000000d6000000)
 ParOldGen       total 160768K, used 160543K [0x0000000080000000, 0x0000000089d00000, 0x00000000d5580000)
  object space 160768K, 99% used [0x0000000080000000,0x0000000089cc7ff0,0x0000000089d00000)
 Metaspace       used 66143K, committed 67712K, reserved 1114112K
  class space    used 7161K, committed 7808K, reserved 1048576K
}

Dll operation events (14 events):
Event: 0.010 Loaded shared library c:\Users\Hp\.vscode\extensions\redhat.java-1.52.0-win32-x64\jre\21.0.9-win32-x86_64\bin\java.dll
Event: 0.068 Loaded shared library c:\Users\Hp\.vscode\extensions\redhat.java-1.52.0-win32-x64\jre\21.0.9-win32-x86_64\bin\zip.dll
Event: 0.087 Loaded shared library C:\Users\Hp\.vscode\extensions\redhat.java-1.52.0-win32-x64\jre\21.0.9-win32-x86_64\bin\instrument.dll
Event: 0.093 Loaded shared library C:\Users\Hp\.vscode\extensions\redhat.java-1.52.0-win32-x64\jre\21.0.9-win32-x86_64\bin\net.dll
Event: 0.095 Loaded shared library C:\Users\Hp\.vscode\extensions\redhat.java-1.52.0-win32-x64\jre\21.0.9-win32-x86_64\bin\nio.dll
Event: 0.099 Loaded shared library C:\Users\Hp\.vscode\extensions\redhat.java-1.52.0-win32-x64\jre\21.0.9-win32-x86_64\bin\zip.dll
Event: 0.117 Loaded shared library C:\Users\Hp\.vscode\extensions\redhat.java-1.52.0-win32-x64\jre\21.0.9-win32-x86_64\bin\jimage.dll
Event: 0.196 Loaded shared library c:\Users\Hp\.vscode\extensions\redhat.java-1.52.0-win32-x64\jre\21.0.9-win32-x86_64\bin\verify.dll
Event: 1.700 Loaded shared library C:\Users\Hp\AppData\Roaming\Code\User\globalStorage\redhat.java\1.52.0\config_win\org.eclipse.equinox.launcher\org.eclipse.equinox.launcher.win32.win32.x86_64_1.2.1500.v20260121-1430\eclipse_11919.dll
Event: 2.983 Loaded shared library C:\Users\Hp\.vscode\extensions\redhat.java-1.52.0-win32-x64\jre\21.0.9-win32-x86_64\bin\management.dll
Event: 2.987 Loaded shared library C:\Users\Hp\.vscode\extensions\redhat.java-1.52.0-win32-x64\jre\21.0.9-win32-x86_64\bin\management_ext.dll
Event: 4.488 Loaded shared library C:\Users\Hp\AppData\Local\Temp\jna-2344\jna2848285486799471403.dll
Event: 4.869 Loaded shared library C:\Users\Hp\.vscode\extensions\redhat.java-1.52.0-win32-x64\jre\21.0.9-win32-x86_64\bin\sunmscapi.dll
Event: 5.537 Loaded shared library C:\Users\Hp\.vscode\extensions\redhat.java-1.52.0-win32-x64\jre\21.0.9-win32-x86_64\bin\extnet.dll

Deoptimization events (20 events):
Event: 14.164 Thread 0x000002cbf30b4a40 Uncommon trap: trap_request=0xffffff45 fr.pc=0x000002cb9eac7ac4 relative=0x0000000000001cc4
Event: 14.164 Thread 0x000002cbf30b4a40 Uncommon trap: reason=unstable_if action=reinterpret pc=0x000002cb9eac7ac4 method=sun.nio.ch.ChannelInputStream.read([BII)I @ 19 c2
Event: 14.164 Thread 0x000002cbf30b4a40 DEOPT PACKING pc=0x000002cb9eac7ac4 sp=0x000000d1e22fd060
Event: 14.164 Thread 0x000002cbf30b4a40 DEOPT UNPACKING pc=0x000002cb9dcf3aa2 sp=0x000000d1e22fd080 mode 2
Event: 14.331 Thread 0x000002cbf30b43b0 Uncommon trap: trap_request=0xffffffbe fr.pc=0x000002cb9ebc18e0 relative=0x0000000000000460
Event: 14.331 Thread 0x000002cbf30b43b0 Uncommon trap: reason=profile_predicate action=maybe_recompile pc=0x000002cb9ebc18e0 method=org.eclipse.jdt.internal.compiler.util.SimpleLookupTable.get(Ljava/lang/Object;)Ljava/lang/Object; @ 54 c2
Event: 14.331 Thread 0x000002cbf30b43b0 DEOPT PACKING pc=0x000002cb9ebc18e0 sp=0x000000d1e20fe8a0
Event: 14.331 Thread 0x000002cbf30b43b0 DEOPT UNPACKING pc=0x000002cb9dcf3aa2 sp=0x000000d1e20fe838 mode 2
Event: 14.331 Thread 0x000002cbf30b43b0 Uncommon trap: trap_request=0xffffffbe fr.pc=0x000002cb9ebc18e0 relative=0x0000000000000460
Event: 14.331 Thread 0x000002cbf30b43b0 Uncommon trap: reason=profile_predicate action=maybe_recompile pc=0x000002cb9ebc18e0 method=org.eclipse.jdt.internal.compiler.util.SimpleLookupTable.get(Ljava/lang/Object;)Ljava/lang/Object; @ 54 c2
Event: 14.331 Thread 0x000002cbf30b43b0 DEOPT PACKING pc=0x000002cb9ebc18e0 sp=0x000000d1e20fe8a0
Event: 14.331 Thread 0x000002cbf30b43b0 DEOPT UNPACKING pc=0x000002cb9dcf3aa2 sp=0x000000d1e20fe838 mode 2
Event: 14.371 Thread 0x000002cbf30b3d20 Uncommon trap: trap_request=0xffffff45 fr.pc=0x000002cb9ea674b0 relative=0x0000000000001290
Event: 14.371 Thread 0x000002cbf30b3d20 Uncommon trap: reason=unstable_if action=reinterpret pc=0x000002cb9ea674b0 method=org.eclipse.jdt.internal.compiler.classfmt.MethodInfo.decodeLocalVariableAttribute(II)V @ 14 c2
Event: 14.371 Thread 0x000002cbf30b3d20 DEOPT PACKING pc=0x000002cb9ea674b0 sp=0x000000d1e1bfe8b0
Event: 14.371 Thread 0x000002cbf30b3d20 DEOPT UNPACKING pc=0x000002cb9dcf3aa2 sp=0x000000d1e1bfe870 mode 2
Event: 14.392 Thread 0x000002cbf30b50d0 Uncommon trap: trap_request=0xffffffde fr.pc=0x000002cb9e6875b4 relative=0x0000000000000274
Event: 14.392 Thread 0x000002cbf30b50d0 Uncommon trap: reason=class_check action=maybe_recompile pc=0x000002cb9e6875b4 method=java.util.Comparator.lambda$comparing$77a9974f$1(Ljava/util/function/Function;Ljava/lang/Object;Ljava/lang/Object;)I @ 7 c2
Event: 14.392 Thread 0x000002cbf30b50d0 DEOPT PACKING pc=0x000002cb9e6875b4 sp=0x000000d1e21fd890
Event: 14.392 Thread 0x000002cbf30b50d0 DEOPT UNPACKING pc=0x000002cb9dcf3aa2 sp=0x000000d1e21fd7c0 mode 2

Classes loaded (20 events):
Event: 12.936 Loading class java/util/regex/Pattern$Caret
Event: 12.936 Loading class java/util/regex/Pattern$Caret done
Event: 13.157 Loading class java/util/stream/ReduceOps$4
Event: 13.158 Loading class java/util/stream/ReduceOps$4 done
Event: 13.158 Loading class java/util/stream/ReduceOps$4ReducingSink
Event: 13.161 Loading class java/util/stream/ReduceOps$4ReducingSink done
Event: 13.164 Loading class java/nio/file/Files$2
Event: 13.164 Loading class java/nio/file/Files$2 done
Event: 13.311 Loading class java/util/concurrent/ArrayBlockingQueue
Event: 13.311 Loading class java/util/concurrent/ArrayBlockingQueue done
Event: 13.565 Loading class java/util/Hashtable$ValueCollection
Event: 13.565 Loading class java/util/Hashtable$ValueCollection done
Event: 13.572 Loading class java/util/concurrent/ConcurrentHashMap$KeySpliterator
Event: 13.572 Loading class java/util/concurrent/ConcurrentHashMap$KeySpliterator done
Event: 13.708 Loading class java/util/regex/PatternSyntaxException
Event: 13.708 Loading class java/util/regex/PatternSyntaxException done
Event: 14.154 Loading class java/io/CharArrayWriter
Event: 14.154 Loading class java/io/CharArrayWriter done
Event: 14.165 Loading class java/nio/file/attribute/PosixFileAttributes
Event: 14.165 Loading class java/nio/file/attribute/PosixFileAttributes done

Classes unloaded (16 events):
Event: 3.701 Thread 0x000002cb91170400 Unloading class 0x000002cbab1a4c00 'java/lang/invoke/LambdaForm$MH+0x000002cbab1a4c00'
Event: 3.701 Thread 0x000002cb91170400 Unloading class 0x000002cbab1a4800 'java/lang/invoke/LambdaForm$MH+0x000002cbab1a4800'
Event: 3.701 Thread 0x000002cb91170400 Unloading class 0x000002cbab1a4400 'java/lang/invoke/LambdaForm$MH+0x000002cbab1a4400'
Event: 3.701 Thread 0x000002cb91170400 Unloading class 0x000002cbab1a4000 'java/lang/invoke/LambdaForm$MH+0x000002cbab1a4000'
Event: 3.701 Thread 0x000002cb91170400 Unloading class 0x000002cbab1a3c00 'java/lang/invoke/LambdaForm$BMH+0x000002cbab1a3c00'
Event: 3.701 Thread 0x000002cb91170400 Unloading class 0x000002cbab1a3800 'java/lang/invoke/LambdaForm$DMH+0x000002cbab1a3800'
Event: 3.701 Thread 0x000002cb91170400 Unloading class 0x000002cbab1a2400 'java/lang/invoke/LambdaForm$DMH+0x000002cbab1a2400'
Event: 4.927 Thread 0x000002cb91170400 Unloading class 0x000002cbab340400 'java/lang/invoke/LambdaForm$MH+0x000002cbab340400'
Event: 4.927 Thread 0x000002cb91170400 Unloading class 0x000002cbab33b800 'java/lang/invoke/LambdaForm$MH+0x000002cbab33b800'
Event: 4.927 Thread 0x000002cb91170400 Unloading class 0x000002cbab33b000 'java/lang/invoke/LambdaForm$MH+0x000002cbab33b000'
Event: 4.927 Thread 0x000002cb91170400 Unloading class 0x000002cbab33ac00 'java/lang/invoke/LambdaForm$DMH+0x000002cbab33ac00'
Event: 4.927 Thread 0x000002cb91170400 Unloading class 0x000002cbab33a000 'java/lang/invoke/LambdaForm$MH+0x000002cbab33a000'
Event: 11.377 Thread 0x000002cb91170400 Unloading class 0x000002cbab62d400 'java/lang/invoke/LambdaForm$DMH+0x000002cbab62d400'
Event: 11.377 Thread 0x000002cb91170400 Unloading class 0x000002cbab62d000 'java/lang/invoke/LambdaForm$DMH+0x000002cbab62d000'
Event: 11.377 Thread 0x000002cb91170400 Unloading class 0x000002cbab62cc00 'java/lang/invoke/LambdaForm$DMH+0x000002cbab62cc00'
Event: 11.377 Thread 0x000002cb91170400 Unloading class 0x000002cbab62c400 'java/lang/invoke/LambdaForm$DMH+0x000002cbab62c400'

Classes redefined (0 events):
No events

Internal exceptions (20 events):
Event: 14.273 Thread 0x000002cbf2f5dd10 Exception <a 'java/io/IOException'{0x00000000d5b18128}> (0x00000000d5b18128) 
thrown [s\src\hotspot\share\prims\jni.cpp, line 520]
Event: 14.274 Thread 0x000002cbf2f5dd10 Exception <a 'java/io/IOException'{0x00000000d5b3e3c8}> (0x00000000d5b3e3c8) 
thrown [s\src\hotspot\share\prims\jni.cpp, line 520]
Event: 14.301 Thread 0x000002cbf2f5dd10 Exception <a 'java/io/IOException'{0x00000000d5b90de0}> (0x00000000d5b90de0) 
thrown [s\src\hotspot\share\prims\jni.cpp, line 520]
Event: 14.302 Thread 0x000002cbf2f5dd10 Exception <a 'java/io/IOException'{0x00000000d5bf6898}> (0x00000000d5bf6898) 
thrown [s\src\hotspot\share\prims\jni.cpp, line 520]
Event: 14.327 Thread 0x000002cbf30b50d0 Exception <a 'java/io/IOException'{0x00000000d56a6bd8}> (0x00000000d56a6bd8) 
thrown [s\src\hotspot\share\prims\jni.cpp, line 520]
Event: 14.329 Thread 0x000002cbf30b43b0 Exception <a 'java/io/IOException'{0x00000000d57751d8}> (0x00000000d57751d8) 
thrown [s\src\hotspot\share\prims\jni.cpp, line 520]
Event: 14.329 Thread 0x000002cbf30b43b0 Exception <a 'java/io/IOException'{0x00000000d5776eb0}> (0x00000000d5776eb0) 
thrown [s\src\hotspot\share\prims\jni.cpp, line 520]
Event: 14.330 Thread 0x000002cbf30b43b0 Exception <a 'java/io/IOException'{0x00000000d57e8438}> (0x00000000d57e8438) 
thrown [s\src\hotspot\share\prims\jni.cpp, line 520]
Event: 14.330 Thread 0x000002cbf30b43b0 Exception <a 'java/io/IOException'{0x00000000d580b808}> (0x00000000d580b808) 
thrown [s\src\hotspot\share\prims\jni.cpp, line 520]
Event: 14.331 Thread 0x000002cbf30b43b0 Exception <a 'java/io/IOException'{0x00000000d5835698}> (0x00000000d5835698) 
thrown [s\src\hotspot\share\prims\jni.cpp, line 520]
Event: 14.358 Thread 0x000002cbf30b50d0 Exception <a 'sun/nio/fs/WindowsException'{0x00000000d597fe88}> (0x00000000d597fe88) 
thrown [s\src\hotspot\share\prims\jni.cpp, line 520]
Event: 14.359 Thread 0x000002cbf30b50d0 Exception <a 'sun/nio/fs/WindowsException'{0x00000000d59804b8}> (0x00000000d59804b8) 
thrown [s\src\hotspot\share\prims\jni.cpp, line 520]
Event: 14.359 Thread 0x000002cbf30b50d0 Exception <a 'sun/nio/fs/WindowsException'{0x00000000d59d9680}> (0x00000000d59d9680) 
thrown [s\src\hotspot\share\prims\jni.cpp, line 520]
Event: 14.359 Thread 0x000002cbf30b50d0 Exception <a 'sun/nio/fs/WindowsException'{0x00000000d59d9cb0}> (0x00000000d59d9cb0) 
thrown [s\src\hotspot\share\prims\jni.cpp, line 520]
Event: 14.362 Thread 0x000002cbf30b50d0 Exception <a 'java/io/FileNotFoundException'{0x00000000d5afa098}> (0x00000000d5afa098) 
thrown [s\src\hotspot\share\prims\jni.cpp, line 520]
Event: 14.363 Thread 0x000002cbf30b50d0 Exception <a 'java/io/FileNotFoundException'{0x00000000d5afadf8}> (0x00000000d5afadf8) 
thrown [s\src\hotspot\share\prims\jni.cpp, line 520]
Event: 14.379 Thread 0x000002cbf30b50d0 Exception <a 'sun/nio/fs/WindowsException'{0x00000000d57571e8}> (0x00000000d57571e8) 
thrown [s\src\hotspot\share\prims\jni.cpp, line 520]
Event: 14.379 Thread 0x000002cbf30b50d0 Exception <a 'sun/nio/fs/WindowsException'{0x00000000d5757818}> (0x00000000d5757818) 
thrown [s\src\hotspot\share\prims\jni.cpp, line 520]
Event: 14.403 Thread 0x000002cbf30b50d0 Exception <a 'sun/nio/fs/WindowsException'{0x00000000d55a0570}> (0x00000000d55a0570) 
thrown [s\src\hotspot\share\prims\jni.cpp, line 520]
Event: 14.403 Thread 0x000002cbf30b50d0 Exception <a 'sun/nio/fs/WindowsException'{0x00000000d55a0ba0}> (0x00000000d55a0ba0) 
thrown [s\src\hotspot\share\prims\jni.cpp, line 520]

ZGC Phase Switch (0 events):
No events

VM Operations (20 events):
Event: 14.305 Executing VM operation: ParallelGCFailedAllocation (Allocation Failure) done
Event: 14.322 Executing VM operation: ParallelGCFailedAllocation (Allocation Failure)
Event: 14.324 Executing VM operation: ParallelGCFailedAllocation (Allocation Failure) done
Event: 14.343 Executing VM operation: ParallelGCFailedAllocation (Allocation Failure)
Event: 14.345 Executing VM operation: ParallelGCFailedAllocation (Allocation Failure) done
Event: 14.366 Executing VM operation: ParallelGCFailedAllocation (Allocation Failure)
Event: 14.368 Executing VM operation: ParallelGCFailedAllocation (Allocation Failure) done
Event: 14.400 Executing VM operation: ParallelGCFailedAllocation (Allocation Failure)
Event: 14.402 Executing VM operation: ParallelGCFailedAllocation (Allocation Failure) done
Event: 14.431 Executing VM operation: ParallelGCFailedAllocation (Allocation Failure)
Event: 14.433 Executing VM operation: ParallelGCFailedAllocation (Allocation Failure) done
Event: 14.460 Executing VM operation: ParallelGCFailedAllocation (Allocation Failure)
Event: 14.463 Executing VM operation: ParallelGCFailedAllocation (Allocation Failure) done
Event: 14.498 Executing VM operation: ParallelGCFailedAllocation (Allocation Failure)
Event: 14.501 Executing VM operation: ParallelGCFailedAllocation (Allocation Failure) done
Event: 14.528 Executing VM operation: ParallelGCFailedAllocation (Allocation Failure)
Event: 14.530 Executing VM operation: ParallelGCFailedAllocation (Allocation Failure) done
Event: 14.560 Executing VM operation: ParallelGCFailedAllocation (Allocation Failure)
Event: 14.562 Executing VM operation: ParallelGCFailedAllocation (Allocation Failure) done
Event: 14.597 Executing VM operation: ParallelGCFailedAllocation (Allocation Failure)

Memory protections (0 events):
No events

Nmethod flushes (20 events):
Event: 11.395 Thread 0x000002cb91170400 flushing  nmethod 0x000002cb97162210
Event: 11.395 Thread 0x000002cb91170400 flushing  nmethod 0x000002cb97162810
Event: 11.395 Thread 0x000002cb91170400 flushing  nmethod 0x000002cb97163090
Event: 11.395 Thread 0x000002cb91170400 flushing  nmethod 0x000002cb97163410
Event: 11.395 Thread 0x000002cb91170400 flushing  nmethod 0x000002cb97165790
Event: 11.395 Thread 0x000002cb91170400 flushing  nmethod 0x000002cb97188b10
Event: 11.395 Thread 0x000002cb91170400 flushing  nmethod 0x000002cb9718a410
Event: 11.395 Thread 0x000002cb91170400 flushing  nmethod 0x000002cb97194210
Event: 11.395 Thread 0x000002cb91170400 flushing  nmethod 0x000002cb97197c10
Event: 11.395 Thread 0x000002cb91170400 flushing  nmethod 0x000002cb971a5e10
Event: 11.395 Thread 0x000002cb91170400 flushing  nmethod 0x000002cb971e8e90
Event: 11.395 Thread 0x000002cb91170400 flushing  nmethod 0x000002cb97213790
Event: 11.395 Thread 0x000002cb91170400 flushing  nmethod 0x000002cb9721d810
Event: 11.395 Thread 0x000002cb91170400 flushing  nmethod 0x000002cb9721de90
Event: 11.395 Thread 0x000002cb91170400 flushing  nmethod 0x000002cb97227590
Event: 11.395 Thread 0x000002cb91170400 flushing  nmethod 0x000002cb97227990
Event: 11.395 Thread 0x000002cb91170400 flushing  nmethod 0x000002cb97234590
Event: 11.395 Thread 0x000002cb91170400 flushing  nmethod 0x000002cb97247990
Event: 11.395 Thread 0x000002cb91170400 flushing  nmethod 0x000002cb9724ed10
Event: 11.395 Thread 0x000002cb91170400 flushing  nmethod 0x000002cb9726be90

Events (20 events):
Event: 11.707 Thread 0x000002cbec7ec510 Thread added: 0x000002cbf74a1510
Event: 11.732 Thread 0x000002cbec9e48a0 Thread added: 0x000002cbf74bc460
Event: 11.962 Thread 0x000002cbf30b5760 Thread added: 0x000002cbf31d4860
Event: 11.982 Thread 0x000002cbec6f7d20 Thread added: 0x000002cbf82d0c00
Event: 13.315 Thread 0x000002cbf30b5760 Thread added: 0x000002cbf31d5c10
Event: 13.577 Thread 0x000002cbf30b5760 Thread added: 0x000002cbf98d4d90
Event: 13.590 Thread 0x000002cbf30b5760 Thread added: 0x000002cbf98d5ab0
Event: 13.666 Thread 0x000002cbf30b5760 Thread added: 0x000002cbf98d3350
Event: 13.867 Thread 0x000002cbf30b4a40 Thread added: 0x000002cbf98d5420
Event: 13.868 Thread 0x000002cbf30b4a40 Thread added: 0x000002cbf98d6140
Event: 13.869 Thread 0x000002cbf30b4a40 Thread added: 0x000002cbf98d39e0
Event: 13.869 Thread 0x000002cbf30b4a40 Thread added: 0x000002cbf98d2cc0
Event: 13.870 Thread 0x000002cbf30b4a40 Thread added: 0x000002cbf98d6e60
Event: 13.919 Thread 0x000002cbf98d6140 Thread exited: 0x000002cbf98d6140
Event: 13.919 Thread 0x000002cbf98d39e0 Thread exited: 0x000002cbf98d39e0
Event: 13.919 Thread 0x000002cbf98d2cc0 Thread exited: 0x000002cbf98d2cc0
Event: 13.919 Thread 0x000002cbf98d5420 Thread exited: 0x000002cbf98d5420
Event: 13.920 Thread 0x000002cbf98d6e60 Thread exited: 0x000002cbf98d6e60
Event: 14.425 Thread 0x000002cbf82d0c00 Thread exited: 0x000002cbf82d0c00
Event: 14.504 Thread 0x000002cbf74bc460 Thread exited: 0x000002cbf74bc460


Dynamic libraries:
0x00007ff7f61b0000 - 0x00007ff7f61be000 	c:\Users\Hp\.vscode\extensions\redhat.java-1.52.0-win32-x64\jre\21.0.9-win32-x86_64\bin\java.exe
0x00007fffbf7e0000 - 0x00007fffbfa48000 	C:\WINDOWS\SYSTEM32\ntdll.dll
0x00007fffbe210000 - 0x00007fffbe2d9000 	C:\WINDOWS\System32\KERNEL32.DLL
0x00007fffbd050000 - 0x00007fffbd441000 	C:\WINDOWS\System32\KERNELBASE.dll
0x00007fffbc430000 - 0x00007fffbc57b000 	C:\WINDOWS\System32\ucrtbase.dll
0x00007fffb1500000 - 0x00007fffb1518000 	c:\Users\Hp\.vscode\extensions\redhat.java-1.52.0-win32-x64\jre\21.0.9-win32-x86_64\bin\jli.dll
0x00007fffb14e0000 - 0x00007fffb14fe000 	c:\Users\Hp\.vscode\extensions\redhat.java-1.52.0-win32-x64\jre\21.0.9-win32-x86_64\bin\VCRUNTIME140.dll
0x00007fffbe9e0000 - 0x00007fffbeba6000 	C:\WINDOWS\System32\USER32.dll
0x00007fffbd020000 - 0x00007fffbd047000 	C:\WINDOWS\System32\win32u.dll
0x00007fffa3cc0000 - 0x00007fffa3f53000 	C:\WINDOWS\WinSxS\amd64_microsoft.windows.common-controls_6595b64144ccf1df_6.0.26100.7705_none_3e06597ae3363b04\COMCTL32.dll
0x00007fffbebf0000 - 0x00007fffbec1b000 	C:\WINDOWS\System32\GDI32.dll
0x00007fffbe390000 - 0x00007fffbe439000 	C:\WINDOWS\System32\msvcrt.dll
0x00007fffbd450000 - 0x00007fffbd57b000 	C:\WINDOWS\System32\gdi32full.dll
0x00007fffbc700000 - 0x00007fffbc7a3000 	C:\WINDOWS\System32\msvcp_win.dll
0x00007fffbebb0000 - 0x00007fffbebe1000 	C:\WINDOWS\System32\IMM32.DLL
0x00007fffb2520000 - 0x00007fffb252c000 	c:\Users\Hp\.vscode\extensions\redhat.java-1.52.0-win32-x64\jre\21.0.9-win32-x86_64\bin\vcruntime140_1.dll
0x00007fff1c010000 - 0x00007fff1c09d000 	c:\Users\Hp\.vscode\extensions\redhat.java-1.52.0-win32-x64\jre\21.0.9-win32-x86_64\bin\msvcp140.dll
0x00007fff0b6f0000 - 0x00007fff0c490000 	c:\Users\Hp\.vscode\extensions\redhat.java-1.52.0-win32-x64\jre\21.0.9-win32-x86_64\bin\server\jvm.dll
0x00007fffbf350000 - 0x00007fffbf404000 	C:\WINDOWS\System32\ADVAPI32.dll
0x00007fffbe2e0000 - 0x00007fffbe386000 	C:\WINDOWS\System32\sechost.dll
0x00007fffbe550000 - 0x00007fffbe668000 	C:\WINDOWS\System32\RPCRT4.dll
0x00007fffbe4d0000 - 0x00007fffbe544000 	C:\WINDOWS\System32\WS2_32.dll
0x00007fffbbf20000 - 0x00007fffbbf7e000 	C:\WINDOWS\SYSTEM32\POWRPROF.dll
0x00007fffb57e0000 - 0x00007fffb57eb000 	C:\WINDOWS\SYSTEM32\VERSION.dll
0x00007fffb57a0000 - 0x00007fffb57d5000 	C:\WINDOWS\SYSTEM32\WINMM.dll
0x00007fffbbf00000 - 0x00007fffbbf14000 	C:\WINDOWS\SYSTEM32\UMPDC.dll
0x00007fffbae30000 - 0x00007fffbae4b000 	C:\WINDOWS\SYSTEM32\kernel.appcore.dll
0x00007fffb1cb0000 - 0x00007fffb1cba000 	c:\Users\Hp\.vscode\extensions\redhat.java-1.52.0-win32-x64\jre\21.0.9-win32-x86_64\bin\jimage.dll
0x00007fffba280000 - 0x00007fffba4c2000 	C:\WINDOWS\SYSTEM32\DBGHELP.DLL
0x00007fffbdd30000 - 0x00007fffbe0b6000 	C:\WINDOWS\System32\combase.dll
0x00007fffbe850000 - 0x00007fffbe927000 	C:\WINDOWS\System32\OLEAUT32.dll
0x00007fffa3390000 - 0x00007fffa33cb000 	C:\WINDOWS\SYSTEM32\dbgcore.DLL
0x00007fffbc2f0000 - 0x00007fffbc395000 	C:\WINDOWS\System32\bcryptPrimitives.dll
0x00007fffb1bc0000 - 0x00007fffb1bcf000 	c:\Users\Hp\.vscode\extensions\redhat.java-1.52.0-win32-x64\jre\21.0.9-win32-x86_64\bin\instrument.dll
0x00007fffa12a0000 - 0x00007fffa12c0000 	c:\Users\Hp\.vscode\extensions\redhat.java-1.52.0-win32-x64\jre\21.0.9-win32-x86_64\bin\java.dll
0x00007fffbd5d0000 - 0x00007fffbdd21000 	C:\WINDOWS\System32\SHELL32.dll
0x00007fffbc0c0000 - 0x00007fffbc22a000 	C:\WINDOWS\System32\wintypes.dll
0x00007fffbc7b0000 - 0x00007fffbd012000 	C:\WINDOWS\System32\windows.storage.dll
0x00007fffbf410000 - 0x00007fffbf506000 	C:\WINDOWS\System32\SHCORE.dll
0x00007fffbe180000 - 0x00007fffbe1e7000 	C:\WINDOWS\System32\shlwapi.dll
0x00007fffbbfe0000 - 0x00007fffbc009000 	C:\WINDOWS\SYSTEM32\profapi.dll
0x00007fffa1280000 - 0x00007fffa1298000 	c:\Users\Hp\.vscode\extensions\redhat.java-1.52.0-win32-x64\jre\21.0.9-win32-x86_64\bin\zip.dll
0x00007fffb14d0000 - 0x00007fffb14e0000 	C:\Users\Hp\.vscode\extensions\redhat.java-1.52.0-win32-x64\jre\21.0.9-win32-x86_64\bin\net.dll
0x00007fffb6540000 - 0x00007fffb6667000 	C:\WINDOWS\SYSTEM32\WINHTTP.dll
0x00007fffbb380000 - 0x00007fffbb3eb000 	C:\WINDOWS\system32\mswsock.dll
0x00007fff8d970000 - 0x00007fff8d986000 	C:\Users\Hp\.vscode\extensions\redhat.java-1.52.0-win32-x64\jre\21.0.9-win32-x86_64\bin\nio.dll
0x00007fffa1270000 - 0x00007fffa1280000 	c:\Users\Hp\.vscode\extensions\redhat.java-1.52.0-win32-x64\jre\21.0.9-win32-x86_64\bin\verify.dll
0x00007fff1bd90000 - 0x00007fff1bdd5000 	C:\Users\Hp\AppData\Roaming\Code\User\globalStorage\redhat.java\1.52.0\config_win\org.eclipse.equinox.launcher\org.eclipse.equinox.launcher.win32.win32.x86_64_1.2.1500.v20260121-1430\eclipse_11919.dll
0x00007fffbf1b0000 - 0x00007fffbf347000 	C:\WINDOWS\System32\ole32.dll
0x00007fff87670000 - 0x00007fff8767a000 	C:\Users\Hp\.vscode\extensions\redhat.java-1.52.0-win32-x64\jre\21.0.9-win32-x86_64\bin\management.dll
0x00007fff87640000 - 0x00007fff8764c000 	C:\Users\Hp\.vscode\extensions\redhat.java-1.52.0-win32-x64\jre\21.0.9-win32-x86_64\bin\management_ext.dll
0x00007fffbe200000 - 0x00007fffbe208000 	C:\WINDOWS\System32\PSAPI.DLL
0x00007fffbb770000 - 0x00007fffbb78b000 	C:\WINDOWS\SYSTEM32\CRYPTSP.dll
0x00007fffbad90000 - 0x00007fffbadc9000 	C:\WINDOWS\system32\rsaenh.dll
0x00007fffbb430000 - 0x00007fffbb45b000 	C:\WINDOWS\SYSTEM32\USERENV.dll
0x00007fffbbfb0000 - 0x00007fffbbfda000 	C:\WINDOWS\SYSTEM32\bcrypt.dll
0x00007fffbb5d0000 - 0x00007fffbb5dc000 	C:\WINDOWS\SYSTEM32\CRYPTBASE.dll
0x00007fffba830000 - 0x00007fffba864000 	C:\WINDOWS\SYSTEM32\IPHLPAPI.DLL
0x00007fffbe440000 - 0x00007fffbe44a000 	C:\WINDOWS\System32\NSI.dll
0x00007fff76ac0000 - 0x00007fff76b09000 	C:\Users\Hp\AppData\Local\Temp\jna-2344\jna2848285486799471403.dll
0x00007fffb6a50000 - 0x00007fffb6a6e000 	C:\WINDOWS\SYSTEM32\dhcpcsvc6.DLL
0x00007fffb6850000 - 0x00007fffb6873000 	C:\WINDOWS\SYSTEM32\dhcpcsvc.DLL
0x00007fff87630000 - 0x00007fff8763e000 	C:\Users\Hp\.vscode\extensions\redhat.java-1.52.0-win32-x64\jre\21.0.9-win32-x86_64\bin\sunmscapi.dll
0x00007fffbc580000 - 0x00007fffbc6f7000 	C:\WINDOWS\System32\CRYPT32.dll
0x00007fffbb8c0000 - 0x00007fffbb8f0000 	C:\WINDOWS\SYSTEM32\ncrypt.dll
0x00007fffbb870000 - 0x00007fffbb8af000 	C:\WINDOWS\SYSTEM32\NTASN1.dll
0x00007fffba8c0000 - 0x00007fffba9ec000 	C:\WINDOWS\SYSTEM32\DNSAPI.dll
0x00007fffb5bd0000 - 0x00007fffb5bdb000 	C:\Windows\System32\rasadhlp.dll
0x00007fffb71b0000 - 0x00007fffb7236000 	C:\WINDOWS\System32\fwpuclnt.dll
0x00007fff27950000 - 0x00007fff27959000 	C:\Users\Hp\.vscode\extensions\redhat.java-1.52.0-win32-x64\jre\21.0.9-win32-x86_64\bin\extnet.dll

JVMTI agents:
c:\Users\Hp\.vscode\extensions\redhat.java-1.52.0-win32-x64\lombok\lombok-1.18.39-4050.jar path:c:\Users\Hp\.vscode\extensions\redhat.java-1.52.0-win32-x64\jre\21.0.9-win32-x86_64\bin\instrument.dll, loaded, initialized, instrumentlib options:none

dbghelp: loaded successfully - version: 4.0.5 - missing functions: none
symbol engine: initialized successfully - sym options: 0x614 - pdb path: .;c:\Users\Hp\.vscode\extensions\redhat.java-1.52.0-win32-x64\jre\21.0.9-win32-x86_64\bin;C:\WINDOWS\SYSTEM32;C:\WINDOWS\WinSxS\amd64_microsoft.windows.common-controls_6595b64144ccf1df_6.0.26100.7705_none_3e06597ae3363b04;c:\Users\Hp\.vscode\extensions\redhat.java-1.52.0-win32-x64\jre\21.0.9-win32-x86_64\bin\server;C:\Users\Hp\AppData\Roaming\Code\User\globalStorage\redhat.java\1.52.0\config_win\org.eclipse.equinox.launcher\org.eclipse.equinox.launcher.win32.win32.x86_64_1.2.1500.v20260121-1430;C:\Users\Hp\AppData\Local\Temp\jna-2344

VM Arguments:
jvm_args: --add-modules=ALL-SYSTEM --add-opens=java.base/java.util=ALL-UNNAMED --add-opens=java.base/java.lang=ALL-UNNAMED --add-opens=java.base/sun.nio.fs=ALL-UNNAMED -Declipse.application=org.eclipse.jdt.ls.core.id1 -Dosgi.bundles.defaultStartLevel=4 -Declipse.product=org.eclipse.jdt.ls.core.product -Djava.import.generatesMetadataFilesAtProjectRoot=false -DDetectVMInstallationsJob.disabled=true -Dfile.encoding=utf8 -XX:+UseParallelGC -XX:GCTimeRatio=4 -XX:AdaptiveSizePolicyWeight=90 -Dsun.zip.disableMemoryMapping=true -Xmx2G -Xms100m -Xlog:disable -javaagent:c:\Users\Hp\.vscode\extensions\redhat.java-1.52.0-win32-x64\lombok\lombok-1.18.39-4050.jar -XX:+HeapDumpOnOutOfMemoryError -XX:HeapDumpPath=c:\Users\Hp\AppData\Roaming\Code\User\workspaceStorage\fd2da329d938b507d3e6932ec6bcaa12\redhat.java -Daether.dependencyCollector.impl=bf 
java_command: c:\Users\Hp\.vscode\extensions\redhat.java-1.52.0-win32-x64\server\plugins\org.eclipse.equinox.launcher_1.7.100.v20251111-0406.jar -configuration c:\Users\Hp\AppData\Roaming\Code\User\globalStorage\redhat.java\1.52.0\config_win -data c:\Users\Hp\AppData\Roaming\Code\User\workspaceStorage\fd2da329d938b507d3e6932ec6bcaa12\redhat.java\jdt_ws --pipe=\\.\pipe\lsp-e3fc991a9a6c1e4cc8d9c84afbd024e7-sock
java_class_path (initial): c:\Users\Hp\.vscode\extensions\redhat.java-1.52.0-win32-x64\server\plugins\org.eclipse.equinox.launcher_1.7.100.v20251111-0406.jar
Launcher Type: SUN_STANDARD

[Global flags]
    uintx AdaptiveSizePolicyWeight                 = 90                                        {product} {command line}
     intx CICompilerCount                          = 12                                        {product} {ergonomic}
    uintx GCTimeRatio                              = 4                                         {product} {command line}
     bool HeapDumpOnOutOfMemoryError               = true                                   {manageable} {command line}
    ccstr HeapDumpPath                             = c:\Users\Hp\AppData\Roaming\Code\User\workspaceStorage\fd2da329d938b507d3e6932ec6bcaa12\redhat.java         {manageable} {command line}
   size_t InitialHeapSize                          = 104857600                                 {product} {command line}
   size_t MaxHeapSize                              = 2147483648                                {product} {command line}
   size_t MaxNewSize                               = 715653120                                 {product} {ergonomic}
   size_t MinHeapDeltaBytes                        = 524288                                    {product} {ergonomic}
   size_t MinHeapSize                              = 104857600                                 {product} {command line}
   size_t NewSize                                  = 34603008                                  {product} {ergonomic}
    uintx NonNMethodCodeHeapSize                   = 7602480                                {pd product} {ergonomic}
    uintx NonProfiledCodeHeapSize                  = 122027880                              {pd product} {ergonomic}
   size_t OldSize                                  = 70254592                                  {product} {ergonomic}
    uintx ProfiledCodeHeapSize                     = 122027880                              {pd product} {ergonomic}
    uintx ReservedCodeCacheSize                    = 251658240                              {pd product} {ergonomic}
     bool SegmentedCodeCache                       = true                                      {product} {ergonomic}
   size_t SoftMaxHeapSize                          = 2147483648                             {manageable} {ergonomic}
     bool UseCompressedOops                        = true                           {product lp64_product} {ergonomic}
     bool UseLargePagesIndividualAllocation        = false                                  {pd product} {ergonomic}
     bool UseParallelGC                            = true                                      {product} {command line}

Logging:
Log output configuration:
 #0: stdout all=off uptime,level,tags foldmultilines=false
 #1: stderr all=off uptime,level,tags foldmultilines=false

Release file:
JAVA_VERSION="21.0.9" 
MODULES="java.base java.compiler java.datatransfer java.xml java.prefs java.desktop java.instrument java.logging java.management java.security.sasl java.naming java.rmi java.management.rmi java.net.http java.scripting java.security.jgss java.transaction.xa java.sql java.sql.rowset java.xml.crypto java.se java.smartcardio jdk.accessibility jdk.internal.jvmstat jdk.attach jdk.charsets jdk.internal.opt jdk.zipfs jdk.compiler jdk.crypto.ec jdk.crypto.cryptoki jdk.crypto.mscapi jdk.dynalink jdk.internal.ed jdk.editpad jdk.hotspot.agent jdk.httpserver jdk.internal.le jdk.internal.vm.ci jdk.internal.vm.compiler jdk.internal.vm.compiler.management jdk.jartool jdk.javadoc jdk.jcmd jdk.management jdk.management.agent jdk.jconsole jdk.jdeps jdk.jdwp.agent jdk.jdi jdk.jfr jdk.jshell jdk.jsobject jdk.jstatd jdk.localedata jdk.management.jfr jdk.naming.dns jdk.naming.rmi jdk.net jdk.nio.mapmode jdk.random jdk.sctp jdk.security.auth jdk.security.jgss jdk.unsupported jdk.unsupported.desktop jdk.xml.dom" 

Environment Variables:
JAVA_HOME=C:\Program Files\Java\jdk-17
PATH=C:\Program Files\Common Files\Oracle\Java\javapath;C:\WINDOWS.X64_213000_db_home\bin;C:\Users\Hp\OneDrive\Desktop\PL\WINDOWS.X64_213000_db_home\bin;C:\Users\Hp\Desktop\PL\bin;C:\Users\Hp\OneDrive\Desktop\PL\bin;C:\Program Files\Eclipse Adoptium\jdk-21.0.6.7-hotspot\bin;C:\WINDOWS;C:\WINDOWS\System32\Wbem;C:\WINDOWS\system32;C:\WINDOWS\System32\WindowsPowerShell\v1.0\;C:\WINDOWS\System32\OpenSSH\;C:\Program Files\CodeBlocks\MinGW\bin;C:\Program Files\Git\cmd;C:\Program Files (x86)\Microsoft SQL Server\160\Tools\Binn\;C:\Program Files\Microsoft SQL Server\160\Tools\Binn\;C:\Program Files\Microsoft SQL Server\Client SDK\ODBC\170\Tools\Binn\;C:\Program Files\Microsoft SQL Server\160\DTS\Binn\;C:\Program Files\Microsoft SQL Server\150\Tools\Binn\;C:\Program Files\MySQL\MySQL Server 8.0\bin;C:\Program Files\dotnet\;C:\Program Files\nodejs\;C:\Program Files\apache-maven-3.8.9-bin\apache-maven-3.8.9\bin;C:\Program Files\cursor\resources\app\bin;C:\Users\Hp\.cargo\bin;C:\Program Files\MySQL\MySQL Shell 8.0\bin\;C:\Users\Hp\AppData\Local\Microsoft\WindowsApps;C:\Users\Hp\AppData\Local\Programs\Microsoft VS Code\bin;C:\Users\Hp\.dotnet\tools;C:\Users\Hp\AppData\Roaming\npm
USERNAME=Hp
OS=Windows_NT
PROCESSOR_IDENTIFIER=AMD64 Family 23 Model 96 Stepping 1, AuthenticAMD
TMP=C:\Users\Hp\AppData\Local\Temp
TEMP=C:\Users\Hp\AppData\Local\Temp




Periodic native trim disabled

---------------  S Y S T E M  ---------------

OS:
 Windows 11 , 64 bit Build 26100 (10.0.26100.7705)
OS uptime: 10 days 2:11 hours
Hyper-V role detected

CPU: total 16 (initial active 16) (16 cores per cpu, 2 threads per core) family 23 model 96 stepping 1 microcode 0x8600109, cx8, cmov, fxsr, ht, mmx, 3dnowpref, sse, sse2, sse3, ssse3, sse4a, sse4.1, sse4.2, popcnt, lzcnt, tsc, tscinvbit, avx, avx2, aes, clmul, bmi1, bmi2, adx, sha, fma, vzeroupper, clflush, clflushopt, hv, rdtscp, rdpid, f16c
Processor Information for the first 16 processors :
  Max Mhz: 1700, Current Mhz: 1700, Mhz Limit: 1700

Memory: 4k page, system-wide physical 15697M (1772M free)
TotalPageFile size 31758M (AvailPageFile size 6M)
current process WorkingSet (physical memory assigned to process): 489M, peak: 489M
current process commit charge ("private bytes"): 526M, peak: 1734M

vm_info: OpenJDK 64-Bit Server VM (21.0.9+10-LTS) for windows-amd64 JRE (21.0.9+10-LTS), built on 2025-10-21T00:00:00Z by "admin" with unknown MS VC++:1942

END.
