#
# There is insufficient memory for the Java Runtime Environment to continue.
# Native memory allocation (malloc) failed to allocate 967856 bytes. Error detail: Chunk::new
# Possible reasons:
#   The system is out of physical RAM or swap space
#   This process is running with CompressedOops enabled, and the Java Heap may be blocking the growth of the native heap
# Possible solutions:
#   Reduce memory load on the system
#   Increase physical memory or swap space
#   Check if swap backing store is full
#   Decrease Java heap size (-Xmx/-Xms)
#   Decrease number of Java threads
#   Decrease Java thread stack sizes (-Xss)
#   Set larger code cache with -XX:ReservedCodeCacheSize=
#   JVM is running with Unscaled Compressed Oops mode in which the Java heap is
#     placed in the first 4GB address space. The Java Heap base address is the
#     maximum limit for the native heap growth. Please use -XX:HeapBaseMinAddress
#     to set the Java Heap base and to place the Java Heap above 4GB virtual address.
# This output file may be truncated or incomplete.
#
#  Out of Memory Error (arena.cpp:168), pid=15212, tid=16936
#
# JRE version: OpenJDK Runtime Environment Temurin-21.0.9+10 (21.0.9+10) (build 21.0.9+10-LTS)
# Java VM: OpenJDK 64-Bit Server VM Temurin-21.0.9+10 (21.0.9+10-LTS, mixed mode, sharing, tiered, compressed oops, compressed class ptrs, parallel gc, windows-amd64)
# No core dump will be written. Minidumps are not enabled by default on client versions of Windows
#

---------------  S U M M A R Y ------------

Command Line: --add-modules=ALL-SYSTEM --add-opens=java.base/java.util=ALL-UNNAMED --add-opens=java.base/java.lang=ALL-UNNAMED --add-opens=java.base/sun.nio.fs=ALL-UNNAMED -Declipse.application=org.eclipse.jdt.ls.core.id1 -Dosgi.bundles.defaultStartLevel=4 -Declipse.product=org.eclipse.jdt.ls.core.product -Djava.import.generatesMetadataFilesAtProjectRoot=false -DDetectVMInstallationsJob.disabled=true -Dfile.encoding=utf8 -XX:+UseParallelGC -XX:GCTimeRatio=4 -XX:AdaptiveSizePolicyWeight=90 -Dsun.zip.disableMemoryMapping=true -Xmx2G -Xms100m -Xlog:disable -javaagent:c:\Users\Hp\.vscode\extensions\redhat.java-1.52.0-win32-x64\lombok\lombok-1.18.39-4050.jar c:\Users\Hp\.vscode\extensions\redhat.java-1.52.0-win32-x64\server\plugins\org.eclipse.equinox.launcher_1.7.100.v20251111-0406.jar -configuration c:\Users\Hp\AppData\Roaming\Code\User\globalStorage\redhat.java\1.52.0\config_ss_win -data c:\Users\Hp\AppData\Roaming\Code\User\workspaceStorage\fd2da329d938b507d3e6932ec6bcaa12\redhat.java\ss_ws --pipe=\\.\pipe\lsp-1aa8003701f5d89f0010909e4ddd0bf7-sock

Host: AMD Ryzen 7 PRO 4750U with Radeon Graphics, 16 cores, 15G,  Windows 11 , 64 bit Build 26100 (10.0.26100.7705)
Time: Mon Feb  9 16:53:55 2026 South Africa Standard Time elapsed time: 2.932142 seconds (0d 0h 0m 2s)

---------------  T H R E A D  ---------------

Current thread (0x0000025870b344b0):  JavaThread "C2 CompilerThread2" daemon [_thread_in_native, id=16936, stack(0x000000a9acf00000,0x000000a9ad000000) (1024K)]


Current CompileTask:
C2:2932 2766       4       org.lombokweb.asm.ClassReader::readMethod (1070 bytes)

Stack: [0x000000a9acf00000,0x000000a9ad000000]
Native frames: (J=compiled Java code, j=interpreted, Vv=VM code, C=native code)
V  [jvm.dll+0x6d6e29]
V  [jvm.dll+0x8b4b76]
V  [jvm.dll+0x8b712e]
V  [jvm.dll+0x8b7813]
V  [jvm.dll+0x283d86]
V  [jvm.dll+0xc66ed]
V  [jvm.dll+0xc6c31]
V  [jvm.dll+0x2facee]
V  [jvm.dll+0x5fde44]
V  [jvm.dll+0x255557]
V  [jvm.dll+0x25591d]
V  [jvm.dll+0x24df40]
V  [jvm.dll+0x24b482]
V  [jvm.dll+0x1cb13e]
V  [jvm.dll+0x25b29d]
V  [jvm.dll+0x25982a]
V  [jvm.dll+0x3f7ea6]
V  [jvm.dll+0x85e9ad]
V  [jvm.dll+0x6d565d]
C  [ucrtbase.dll+0x37b0]
C  [KERNEL32.DLL+0x2e8d7]
C  [ntdll.dll+0x8c40c]


---------------  P R O C E S S  ---------------

Threads class SMR info:
_java_thread_list=0x0000025871345130, length=23, elements={
0x000002581155b830, 0x000002586a5b4760, 0x000002586a5b7680, 0x000002586a5bdd70,
0x000002586a5e0910, 0x000002586a5e1660, 0x000002586a5e4e70, 0x000002586a5f3680,
0x000002586a5f8c10, 0x000002586a6f0a00, 0x000002586a6f4070, 0x000002586a5e6f40,
0x000002586a8d7230, 0x000002586a5e68b0, 0x000002586a5e5b90, 0x000002586a5e5500,
0x000002586a5e75d0, 0x000002586a5e47e0, 0x0000025871094f40, 0x0000025870b344b0,
0x000002586a5e4150, 0x000002587140aaa0, 0x000002587140c4e0
}

Java Threads: ( => current thread )
  0x000002581155b830 JavaThread "main"                              [_thread_blocked, id=7196, stack(0x000000a9abc00000,0x000000a9abd00000) (1024K)]
  0x000002586a5b4760 JavaThread "Reference Handler"          daemon [_thread_blocked, id=18984, stack(0x000000a9ac000000,0x000000a9ac100000) (1024K)]
  0x000002586a5b7680 JavaThread "Finalizer"                  daemon [_thread_blocked, id=17872, stack(0x000000a9ac100000,0x000000a9ac200000) (1024K)]
  0x000002586a5bdd70 JavaThread "Signal Dispatcher"          daemon [_thread_blocked, id=15856, stack(0x000000a9ac200000,0x000000a9ac300000) (1024K)]
  0x000002586a5e0910 JavaThread "Attach Listener"            daemon [_thread_blocked, id=19740, stack(0x000000a9ac300000,0x000000a9ac400000) (1024K)]
  0x000002586a5e1660 JavaThread "Service Thread"             daemon [_thread_blocked, id=1984, stack(0x000000a9ac400000,0x000000a9ac500000) (1024K)]
  0x000002586a5e4e70 JavaThread "Monitor Deflation Thread"   daemon [_thread_blocked, id=21316, stack(0x000000a9ac500000,0x000000a9ac600000) (1024K)]
  0x000002586a5f3680 JavaThread "C2 CompilerThread0"         daemon [_thread_in_vm, id=23924, stack(0x000000a9ac600000,0x000000a9ac700000) (1024K)]
  0x000002586a5f8c10 JavaThread "C1 CompilerThread0"         daemon [_thread_blocked, id=3836, stack(0x000000a9ac700000,0x000000a9ac800000) (1024K)]
  0x000002586a6f0a00 JavaThread "C1 CompilerThread1"         daemon [_thread_blocked, id=15460, stack(0x000000a9ac800000,0x000000a9ac900000) (1024K)]
  0x000002586a6f4070 JavaThread "C1 CompilerThread2"         daemon [_thread_blocked, id=21568, stack(0x000000a9ac900000,0x000000a9aca00000) (1024K)]
  0x000002586a5e6f40 JavaThread "Common-Cleaner"             daemon [_thread_blocked, id=16412, stack(0x000000a9acc00000,0x000000a9acd00000) (1024K)]
  0x000002586a8d7230 JavaThread "C1 CompilerThread3"         daemon [_thread_blocked, id=4168, stack(0x000000a9acd00000,0x000000a9ace00000) (1024K)]
  0x000002586a5e68b0 JavaThread "Notification Thread"        daemon [_thread_blocked, id=13816, stack(0x000000a9ace00000,0x000000a9acf00000) (1024K)]
  0x000002586a5e5b90 JavaThread "Active Thread: Equinox Container: 498aea97-e686-4241-9b9a-681e3a6d3f35"        [_thread_blocked, id=15048, stack(0x000000a9ad600000,0x000000a9ad700000) (1024K)]
  0x000002586a5e5500 JavaThread "Framework Event Dispatcher: Equinox Container: 498aea97-e686-4241-9b9a-681e3a6d3f35" daemon [_thread_blocked, id=13568, stack(0x000000a9ad800000,0x000000a9ad900000) (1024K)]
  0x000002586a5e75d0 JavaThread "Start Level: Equinox Container: 498aea97-e686-4241-9b9a-681e3a6d3f35" daemon [_thread_in_Java, id=21844, stack(0x000000a9ad900000,0x000000a9ada00000) (1024K)]
  0x000002586a5e47e0 JavaThread "SCR Component Actor"        daemon [_thread_blocked, id=15464, stack(0x000000a9aca00000,0x000000a9acb00000) (1024K)]
  0x0000025871094f40 JavaThread "C2 CompilerThread1"         daemon [_thread_in_native, id=4012, stack(0x000000a9acb00000,0x000000a9acc00000) (1024K)]
=>0x0000025870b344b0 JavaThread "C2 CompilerThread2"         daemon [_thread_in_native, id=16936, stack(0x000000a9acf00000,0x000000a9ad000000) (1024K)]
  0x000002586a5e4150 JavaThread "Worker-JM"                         [_thread_blocked, id=25380, stack(0x000000a9adb00000,0x000000a9adc00000) (1024K)]
  0x000002587140aaa0 JavaThread "Worker-0"                          [_thread_blocked, id=2928, stack(0x000000a9ade00000,0x000000a9adf00000) (1024K)]
  0x000002587140c4e0 JavaThread "Worker-1"                          [_thread_blocked, id=15376, stack(0x000000a9adf00000,0x000000a9ae000000) (1024K)]
Total: 23

Other Threads:
  0x000002581161eb00 VMThread "VM Thread"                           [id=15404, stack(0x000000a9abf00000,0x000000a9ac000000) (1024K)]
  0x00000258113eca00 WatcherThread "VM Periodic Task Thread"        [id=13588, stack(0x000000a9abe00000,0x000000a9abf00000) (1024K)]
  0x000002581157b3d0 WorkerThread "GC Thread#0"                     [id=5008, stack(0x000000a9abd00000,0x000000a9abe00000) (1024K)]
  0x00000258705b76f0 WorkerThread "GC Thread#1"                     [id=24100, stack(0x000000a9ad000000,0x000000a9ad100000) (1024K)]
  0x0000025870857820 WorkerThread "GC Thread#2"                     [id=2244, stack(0x000000a9ad100000,0x000000a9ad200000) (1024K)]
  0x0000025870857bc0 WorkerThread "GC Thread#3"                     [id=3972, stack(0x000000a9ad200000,0x000000a9ad300000) (1024K)]
  0x00000258704d14f0 WorkerThread "GC Thread#4"                     [id=15996, stack(0x000000a9ad300000,0x000000a9ad400000) (1024K)]
  0x00000258704d1ca0 WorkerThread "GC Thread#5"                     [id=24480, stack(0x000000a9ad400000,0x000000a9ad500000) (1024K)]
  0x00000258704d2040 WorkerThread "GC Thread#6"                     [id=10448, stack(0x000000a9ad500000,0x000000a9ad600000) (1024K)]
  0x0000025870a4d300 WorkerThread "GC Thread#7"                     [id=7612, stack(0x000000a9ad700000,0x000000a9ad800000) (1024K)]
  0x0000025870eec9c0 WorkerThread "GC Thread#8"                     [id=13688, stack(0x000000a9adc00000,0x000000a9add00000) (1024K)]
  0x0000025870eedbe0 WorkerThread "GC Thread#9"                     [id=2124, stack(0x000000a9add00000,0x000000a9ade00000) (1024K)]
  0x0000025870eed4a0 WorkerThread "GC Thread#10"                    [id=8720, stack(0x000000a9ae000000,0x000000a9ae100000) (1024K)]
  0x0000025870eecd60 WorkerThread "GC Thread#11"                    [id=17124, stack(0x000000a9ae100000,0x000000a9ae200000) (1024K)]
  0x0000025870eed840 WorkerThread "GC Thread#12"                    [id=1756, stack(0x000000a9ae200000,0x000000a9ae300000) (1024K)]
Total: 15

Threads with active compile tasks:
C2 CompilerThread0  2949 2850       4       jdk.internal.module.SystemModuleFinders$SystemModuleReader::find (59 bytes)
C2 CompilerThread1  2950 2851       4       jdk.internal.module.SystemModuleFinders$SystemModuleReader::containsImageLocation (42 bytes)
C2 CompilerThread2  2950 2766       4       org.lombokweb.asm.ClassReader::readMethod (1070 bytes)
Total: 3

VM state: not at safepoint (normal execution)

VM Mutex/Monitor currently owned by a thread: None

Heap address: 0x0000000080000000, size: 2048 MB, Compressed Oops mode: 32-bit

CDS archive(s) mapped at: [0x0000025828000000-0x0000025828ba0000-0x0000025828ba0000), size 12189696, SharedBaseAddress: 0x0000025828000000, ArchiveRelocationMode: 1.
Compressed class space mapped at: 0x0000025829000000-0x0000025869000000, reserved size: 1073741824
Narrow klass base: 0x0000025828000000, Narrow klass shift: 0, Narrow klass range: 0x100000000

GC Precious Log:
 CardTable entry size: 512
 CPUs: 16 total, 16 available
 Memory: 15697M
 Large Page Support: Disabled
 NUMA Support: Disabled
 Compressed Oops: Enabled (32-bit)
 Alignments: Space 512K, Generation 512K, Heap 2M
 Heap Min Capacity: 100M
 Heap Initial Capacity: 100M
 Heap Max Capacity: 2G
 Pre-touch: Disabled
 Parallel Workers: 13

Heap:
 PSYoungGen      total 29696K, used 23396K [0x00000000d5580000, 0x00000000d7680000, 0x0000000100000000)
  eden space 25600K, 75% used [0x00000000d5580000,0x00000000d685b738,0x00000000d6e80000)
  from space 4096K, 99% used [0x00000000d6e80000,0x00000000d727d970,0x00000000d7280000)
  to   space 4096K, 0% used [0x00000000d7280000,0x00000000d7280000,0x00000000d7680000)
 ParOldGen       total 68608K, used 5650K [0x0000000080000000, 0x0000000084300000, 0x00000000d5580000)
  object space 68608K, 8% used [0x0000000080000000,0x0000000080584850,0x0000000084300000)
 Metaspace       used 20709K, committed 21312K, reserved 1114112K
  class space    used 1975K, committed 2240K, reserved 1048576K

Card table byte_map: [0x0000025810f00000,0x0000025811310000] _byte_map_base: 0x0000025810b00000

Marking Bits: (ParMarkBitMap*) 0x00007fff0c3b2460
 Begin Bits: [0x0000025823a10000, 0x0000025825a10000)
 End Bits:   [0x0000025825a10000, 0x0000025827a10000)

Polling page: 0x000002580f340000

Metaspace:

Usage:
  Non-class:     18.29 MB used.
      Class:      1.93 MB used.
       Both:     20.22 MB used.

Virtual space:
  Non-class space:       64.00 MB reserved,      18.62 MB ( 29%) committed,  1 nodes.
      Class space:        1.00 GB reserved,       2.19 MB ( <1%) committed,  1 nodes.
             Both:        1.06 GB reserved,      20.81 MB (  2%) committed. 

Chunk freelists:
   Non-Class:  12.62 MB
       Class:  13.83 MB
        Both:  26.45 MB

MaxMetaspaceSize: unlimited
CompressedClassSpaceSize: 1.00 GB
Initial GC threshold: 21.00 MB
Current GC threshold: 21.00 MB
CDS: on
 - commit_granule_bytes: 65536.
 - commit_granule_words: 8192.
 - virtual_space_node_default_size: 8388608.
 - enlarge_chunks_in_place: 1.
 - use_allocation_guard: 0.


Internal statistics:

num_allocs_failed_limit: 0.
num_arena_births: 454.
num_arena_deaths: 0.
num_vsnodes_births: 2.
num_vsnodes_deaths: 0.
num_space_committed: 333.
num_space_uncommitted: 0.
num_chunks_returned_to_freelist: 0.
num_chunks_taken_from_freelist: 1221.
num_chunk_merges: 0.
num_chunk_splits: 797.
num_chunks_enlarged: 529.
num_inconsistent_stats: 0.

CodeHeap 'non-profiled nmethods': size=119168Kb used=1236Kb max_used=1236Kb free=117931Kb
 bounds [0x000002581c300000, 0x000002581c570000, 0x0000025823760000]
CodeHeap 'profiled nmethods': size=119104Kb used=5654Kb max_used=5654Kb free=113449Kb
 bounds [0x0000025814760000, 0x0000025814cf0000, 0x000002581bbb0000]
CodeHeap 'non-nmethods': size=7488Kb used=2992Kb max_used=3016Kb free=4495Kb
 bounds [0x000002581bbb0000, 0x000002581beb0000, 0x000002581c300000]
CodeCache: size=245760Kb, used=9882Kb, max_used=9906Kb, free=235875Kb
 total_blobs=3434, nmethods=2847, adapters=490, full_count=0
Compilation: enabled, stopped_count=0, restarted_count=0

Compilation events (20 events):
Event: 2.915 Thread 0x000002586a5f8c10 nmethod 2837 0x0000025814cddb90 code [0x0000025814cddd40, 0x0000025814cddf50]
Event: 2.915 Thread 0x000002586a5f3680 2836       4       org.lombokweb.asm.ByteVector::putByte (39 bytes)
Event: 2.915 Thread 0x000002586a6f4070 2838       3       org.lombokweb.asm.MethodWriter::visitTypeInsn (116 bytes)
Event: 2.915 Thread 0x000002586a5f8c10 2839       3       org.lombokweb.asm.MethodWriter::endCurrentBasicBlockWithNoSuccessor (98 bytes)
Event: 2.915 Thread 0x000002586a5f8c10 nmethod 2839 0x0000025814cde010 code [0x0000025814cde200, 0x0000025814cde6c8]
Event: 2.916 Thread 0x000002586a6f4070 nmethod 2838 0x0000025814cde890 code [0x0000025814cdea80, 0x0000025814cdeee8]
Event: 2.916 Thread 0x000002586a6f0a00 nmethod 2835 0x0000025814cdf110 code [0x0000025814cdf4c0, 0x0000025814ce0a58]
Event: 2.916 Thread 0x000002586a5f3680 nmethod 2836 0x000002581c434610 code [0x000002581c4347a0, 0x000002581c434908]
Event: 2.917 Thread 0x0000025871094f40 2840       4       org.lombokweb.asm.SymbolTable::get (13 bytes)
Event: 2.917 Thread 0x000002586a5f8c10 2841       3       org.lombokweb.asm.MethodVisitor::visitTypeInsn (17 bytes)
Event: 2.917 Thread 0x000002586a5f8c10 nmethod 2841 0x0000025814ce1390 code [0x0000025814ce1540, 0x0000025814ce1748]
Event: 2.917 Thread 0x0000025871094f40 nmethod 2840 0x000002581c434a10 code [0x000002581c434ba0, 0x000002581c434ca0]
Event: 2.920 Thread 0x0000025871094f40 2842       4       java.util.zip.ZipFile::ensureOpen (40 bytes)
Event: 2.921 Thread 0x0000025871094f40 nmethod 2842 0x000002581c434d90 code [0x000002581c434f20, 0x000002581c434ff8]
Event: 2.928 Thread 0x000002586a6f4070 2843       3       jdk.internal.loader.BuiltinClassLoader$2::run (5 bytes)
Event: 2.928 Thread 0x000002586a5f8c10 2844       3       org.eclipse.osgi.internal.debug.Debug::loaderWithPackage (35 bytes)
Event: 2.928 Thread 0x000002586a6f4070 nmethod 2843 0x0000025814ce1810 code [0x0000025814ce19c0, 0x0000025814ce1b18]
Event: 2.928 Thread 0x000002586a5f8c10 nmethod 2844 0x0000025814ce1c10 code [0x0000025814ce1de0, 0x0000025814ce20b8]
Event: 2.929 Thread 0x000002586a6f0a00 2845   !   3       jdk.internal.loader.BuiltinClassLoader$2::run (114 bytes)
Event: 2.930 Thread 0x000002586a6f0a00 nmethod 2845 0x0000025814ce2190 code [0x0000025814ce2440, 0x0000025814ce3240]

GC Heap History (10 events):
Event: 0.732 GC heap before
{Heap before GC invocations=1 (full 0):
 PSYoungGen      total 29696K, used 25600K [0x00000000d5580000, 0x00000000d7680000, 0x0000000100000000)
  eden space 25600K, 100% used [0x00000000d5580000,0x00000000d6e80000,0x00000000d6e80000)
  from space 4096K, 0% used [0x00000000d7280000,0x00000000d7280000,0x00000000d7680000)
  to   space 4096K, 0% used [0x00000000d6e80000,0x00000000d6e80000,0x00000000d7280000)
 ParOldGen       total 68608K, used 0K [0x0000000080000000, 0x0000000084300000, 0x00000000d5580000)
  object space 68608K, 0% used [0x0000000080000000,0x0000000080000000,0x0000000084300000)
 Metaspace       used 4148K, committed 4416K, reserved 1114112K
  class space    used 454K, committed 576K, reserved 1048576K
}
Event: 0.742 GC heap after
{Heap after GC invocations=1 (full 0):
 PSYoungGen      total 29696K, used 3716K [0x00000000d5580000, 0x00000000d7680000, 0x0000000100000000)
  eden space 25600K, 0% used [0x00000000d5580000,0x00000000d5580000,0x00000000d6e80000)
  from space 4096K, 90% used [0x00000000d6e80000,0x00000000d72212b0,0x00000000d7280000)
  to   space 4096K, 0% used [0x00000000d7280000,0x00000000d7280000,0x00000000d7680000)
 ParOldGen       total 68608K, used 8K [0x0000000080000000, 0x0000000084300000, 0x00000000d5580000)
  object space 68608K, 0% used [0x0000000080000000,0x0000000080002000,0x0000000084300000)
 Metaspace       used 4148K, committed 4416K, reserved 1114112K
  class space    used 454K, committed 576K, reserved 1048576K
}
Event: 1.573 GC heap before
{Heap before GC invocations=2 (full 0):
 PSYoungGen      total 29696K, used 29316K [0x00000000d5580000, 0x00000000d7680000, 0x0000000100000000)
  eden space 25600K, 100% used [0x00000000d5580000,0x00000000d6e80000,0x00000000d6e80000)
  from space 4096K, 90% used [0x00000000d6e80000,0x00000000d72212b0,0x00000000d7280000)
  to   space 4096K, 0% used [0x00000000d7280000,0x00000000d7280000,0x00000000d7680000)
 ParOldGen       total 68608K, used 8K [0x0000000080000000, 0x0000000084300000, 0x00000000d5580000)
  object space 68608K, 0% used [0x0000000080000000,0x0000000080002000,0x0000000084300000)
 Metaspace       used 7971K, committed 8256K, reserved 1114112K
  class space    used 828K, committed 960K, reserved 1048576K
}
Event: 1.579 GC heap after
{Heap after GC invocations=2 (full 0):
 PSYoungGen      total 29696K, used 4070K [0x00000000d5580000, 0x00000000d7680000, 0x0000000100000000)
  eden space 25600K, 0% used [0x00000000d5580000,0x00000000d5580000,0x00000000d6e80000)
  from space 4096K, 99% used [0x00000000d7280000,0x00000000d7679800,0x00000000d7680000)
  to   space 4096K, 0% used [0x00000000d6e80000,0x00000000d6e80000,0x00000000d7280000)
 ParOldGen       total 68608K, used 1073K [0x0000000080000000, 0x0000000084300000, 0x00000000d5580000)
  object space 68608K, 1% used [0x0000000080000000,0x000000008010c6a8,0x0000000084300000)
 Metaspace       used 7971K, committed 8256K, reserved 1114112K
  class space    used 828K, committed 960K, reserved 1048576K
}
Event: 2.131 GC heap before
{Heap before GC invocations=3 (full 0):
 PSYoungGen      total 29696K, used 29670K [0x00000000d5580000, 0x00000000d7680000, 0x0000000100000000)
  eden space 25600K, 100% used [0x00000000d5580000,0x00000000d6e80000,0x00000000d6e80000)
  from space 4096K, 99% used [0x00000000d7280000,0x00000000d7679800,0x00000000d7680000)
  to   space 4096K, 0% used [0x00000000d6e80000,0x00000000d6e80000,0x00000000d7280000)
 ParOldGen       total 68608K, used 1073K [0x0000000080000000, 0x0000000084300000, 0x00000000d5580000)
  object space 68608K, 1% used [0x0000000080000000,0x000000008010c6a8,0x0000000084300000)
 Metaspace       used 12751K, committed 13248K, reserved 1114112K
  class space    used 1346K, committed 1600K, reserved 1048576K
}
Event: 2.136 GC heap after
{Heap after GC invocations=3 (full 0):
 PSYoungGen      total 29696K, used 4080K [0x00000000d5580000, 0x00000000d7680000, 0x0000000100000000)
  eden space 25600K, 0% used [0x00000000d5580000,0x00000000d5580000,0x00000000d6e80000)
  from space 4096K, 99% used [0x00000000d6e80000,0x00000000d727c030,0x00000000d7280000)
  to   space 4096K, 0% used [0x00000000d7280000,0x00000000d7280000,0x00000000d7680000)
 ParOldGen       total 68608K, used 2540K [0x0000000080000000, 0x0000000084300000, 0x00000000d5580000)
  object space 68608K, 3% used [0x0000000080000000,0x000000008027b1f8,0x0000000084300000)
 Metaspace       used 12751K, committed 13248K, reserved 1114112K
  class space    used 1346K, committed 1600K, reserved 1048576K
}
Event: 2.571 GC heap before
{Heap before GC invocations=4 (full 0):
 PSYoungGen      total 29696K, used 29680K [0x00000000d5580000, 0x00000000d7680000, 0x0000000100000000)
  eden space 25600K, 100% used [0x00000000d5580000,0x00000000d6e80000,0x00000000d6e80000)
  from space 4096K, 99% used [0x00000000d6e80000,0x00000000d727c030,0x00000000d7280000)
  to   space 4096K, 0% used [0x00000000d7280000,0x00000000d7280000,0x00000000d7680000)
 ParOldGen       total 68608K, used 2540K [0x0000000080000000, 0x0000000084300000, 0x00000000d5580000)
  object space 68608K, 3% used [0x0000000080000000,0x000000008027b1f8,0x0000000084300000)
 Metaspace       used 15901K, committed 16576K, reserved 1114112K
  class space    used 1638K, committed 1920K, reserved 1048576K
}
Event: 2.575 GC heap after
{Heap after GC invocations=4 (full 0):
 PSYoungGen      total 29696K, used 4067K [0x00000000d5580000, 0x00000000d7680000, 0x0000000100000000)
  eden space 25600K, 0% used [0x00000000d5580000,0x00000000d5580000,0x00000000d6e80000)
  from space 4096K, 99% used [0x00000000d7280000,0x00000000d7678ed8,0x00000000d7680000)
  to   space 4096K, 0% used [0x00000000d6e80000,0x00000000d6e80000,0x00000000d7280000)
 ParOldGen       total 68608K, used 5155K [0x0000000080000000, 0x0000000084300000, 0x00000000d5580000)
  object space 68608K, 7% used [0x0000000080000000,0x0000000080508d08,0x0000000084300000)
 Metaspace       used 15901K, committed 16576K, reserved 1114112K
  class space    used 1638K, committed 1920K, reserved 1048576K
}
Event: 2.787 GC heap before
{Heap before GC invocations=5 (full 0):
 PSYoungGen      total 29696K, used 29667K [0x00000000d5580000, 0x00000000d7680000, 0x0000000100000000)
  eden space 25600K, 100% used [0x00000000d5580000,0x00000000d6e80000,0x00000000d6e80000)
  from space 4096K, 99% used [0x00000000d7280000,0x00000000d7678ed8,0x00000000d7680000)
  to   space 4096K, 0% used [0x00000000d6e80000,0x00000000d6e80000,0x00000000d7280000)
 ParOldGen       total 68608K, used 5155K [0x0000000080000000, 0x0000000084300000, 0x00000000d5580000)
  object space 68608K, 7% used [0x0000000080000000,0x0000000080508d08,0x0000000084300000)
 Metaspace       used 19805K, committed 20416K, reserved 1114112K
  class space    used 1924K, committed 2176K, reserved 1048576K
}
Event: 2.791 GC heap after
{Heap after GC invocations=5 (full 0):
 PSYoungGen      total 29696K, used 4086K [0x00000000d5580000, 0x00000000d7680000, 0x0000000100000000)
  eden space 25600K, 0% used [0x00000000d5580000,0x00000000d5580000,0x00000000d6e80000)
  from space 4096K, 99% used [0x00000000d6e80000,0x00000000d727d970,0x00000000d7280000)
  to   space 4096K, 0% used [0x00000000d7280000,0x00000000d7280000,0x00000000d7680000)
 ParOldGen       total 68608K, used 5650K [0x0000000080000000, 0x0000000084300000, 0x00000000d5580000)
  object space 68608K, 8% used [0x0000000080000000,0x0000000080584850,0x0000000084300000)
 Metaspace       used 19805K, committed 20416K, reserved 1114112K
  class space    used 1924K, committed 2176K, reserved 1048576K
}

Dll operation events (9 events):
Event: 0.008 Loaded shared library c:\Users\Hp\.vscode\extensions\redhat.java-1.52.0-win32-x64\jre\21.0.9-win32-x86_64\bin\java.dll
Event: 0.060 Loaded shared library c:\Users\Hp\.vscode\extensions\redhat.java-1.52.0-win32-x64\jre\21.0.9-win32-x86_64\bin\zip.dll
Event: 0.079 Loaded shared library C:\Users\Hp\.vscode\extensions\redhat.java-1.52.0-win32-x64\jre\21.0.9-win32-x86_64\bin\instrument.dll
Event: 0.084 Loaded shared library C:\Users\Hp\.vscode\extensions\redhat.java-1.52.0-win32-x64\jre\21.0.9-win32-x86_64\bin\net.dll
Event: 0.086 Loaded shared library C:\Users\Hp\.vscode\extensions\redhat.java-1.52.0-win32-x64\jre\21.0.9-win32-x86_64\bin\nio.dll
Event: 0.090 Loaded shared library C:\Users\Hp\.vscode\extensions\redhat.java-1.52.0-win32-x64\jre\21.0.9-win32-x86_64\bin\zip.dll
Event: 0.107 Loaded shared library C:\Users\Hp\.vscode\extensions\redhat.java-1.52.0-win32-x64\jre\21.0.9-win32-x86_64\bin\jimage.dll
Event: 0.177 Loaded shared library c:\Users\Hp\.vscode\extensions\redhat.java-1.52.0-win32-x64\jre\21.0.9-win32-x86_64\bin\verify.dll
Event: 1.624 Loaded shared library C:\Users\Hp\AppData\Roaming\Code\User\globalStorage\redhat.java\1.52.0\config_ss_win\org.eclipse.equinox.launcher\org.eclipse.equinox.launcher.win32.win32.x86_64_1.2.1500.v20260121-1430\eclipse_11919.dll

Deoptimization events (20 events):
Event: 2.494 Thread 0x000002586a5e75d0 Uncommon trap: trap_request=0xffffffde fr.pc=0x000002581c3f8a14 relative=0x00000000000003b4
Event: 2.494 Thread 0x000002586a5e75d0 Uncommon trap: reason=class_check action=maybe_recompile pc=0x000002581c3f8a14 method=java.util.regex.Pattern$BmpCharPropertyGreedy.match(Ljava/util/regex/Matcher;ILjava/lang/CharSequence;)Z @ 70 c2
Event: 2.495 Thread 0x000002586a5e75d0 DEOPT PACKING pc=0x000002581c3f8a14 sp=0x000000a9ad9ef2e0
Event: 2.495 Thread 0x000002586a5e75d0 DEOPT UNPACKING pc=0x000002581bc03aa2 sp=0x000000a9ad9ef288 mode 2
Event: 2.547 Thread 0x000002586a5e75d0 Uncommon trap: trap_request=0xffffff45 fr.pc=0x000002581c41249c relative=0x000000000000079c
Event: 2.547 Thread 0x000002586a5e75d0 Uncommon trap: reason=unstable_if action=reinterpret pc=0x000002581c41249c method=org.lombokweb.asm.ClassReader.readUTF8(I[C)Ljava/lang/String; @ 11 c2
Event: 2.547 Thread 0x000002586a5e75d0 DEOPT PACKING pc=0x000002581c41249c sp=0x000000a9ad9ef4f0
Event: 2.547 Thread 0x000002586a5e75d0 DEOPT UNPACKING pc=0x000002581bc03aa2 sp=0x000000a9ad9ef4d8 mode 2
Event: 2.735 Thread 0x000002586a5e75d0 Uncommon trap: trap_request=0xffffff45 fr.pc=0x000002581c41d8ec relative=0x000000000000014c
Event: 2.735 Thread 0x000002586a5e75d0 Uncommon trap: reason=unstable_if action=reinterpret pc=0x000002581c41d8ec method=org.lombokweb.asm.ByteVector.putByteArray([BII)Lorg/lombokweb/asm/ByteVector; @ 20 c2
Event: 2.735 Thread 0x000002586a5e75d0 DEOPT PACKING pc=0x000002581c41d8ec sp=0x000000a9ad9f2690
Event: 2.735 Thread 0x000002586a5e75d0 DEOPT UNPACKING pc=0x000002581bc03aa2 sp=0x000000a9ad9f2660 mode 2
Event: 2.735 Thread 0x000002586a5e75d0 Uncommon trap: trap_request=0xffffff45 fr.pc=0x000002581c41e624 relative=0x0000000000000364
Event: 2.735 Thread 0x000002586a5e75d0 Uncommon trap: reason=unstable_if action=reinterpret pc=0x000002581c41e624 method=org.lombokweb.asm.Label.resolve([BLorg/lombokweb/asm/ByteVector;I)Z @ 81 c2
Event: 2.735 Thread 0x000002586a5e75d0 DEOPT PACKING pc=0x000002581c41e624 sp=0x000000a9ad9f2720
Event: 2.735 Thread 0x000002586a5e75d0 DEOPT UNPACKING pc=0x000002581bc03aa2 sp=0x000000a9ad9f2628 mode 2
Event: 2.735 Thread 0x000002586a5e75d0 Uncommon trap: trap_request=0xffffff45 fr.pc=0x000002581c41de4c relative=0x000000000000022c
Event: 2.735 Thread 0x000002586a5e75d0 Uncommon trap: reason=unstable_if action=reinterpret pc=0x000002581c41de4c method=org.lombokweb.asm.Label.resolve([BLorg/lombokweb/asm/ByteVector;I)Z @ 81 c2
Event: 2.735 Thread 0x000002586a5e75d0 DEOPT PACKING pc=0x000002581c41de4c sp=0x000000a9ad9f2690
Event: 2.735 Thread 0x000002586a5e75d0 DEOPT UNPACKING pc=0x000002581bc03aa2 sp=0x000000a9ad9f2620 mode 2

Classes loaded (20 events):
Event: 2.497 Loading class java/io/StringReader
Event: 2.497 Loading class java/io/StringReader done
Event: 2.514 Loading class java/util/zip/GZIPInputStream
Event: 2.514 Loading class java/util/zip/GZIPInputStream done
Event: 2.518 Loading class java/net/SocketTimeoutException
Event: 2.518 Loading class java/io/InterruptedIOException
Event: 2.518 Loading class java/io/InterruptedIOException done
Event: 2.518 Loading class java/net/SocketTimeoutException done
Event: 2.518 Loading class java/net/SocketException
Event: 2.518 Loading class java/net/SocketException done
Event: 2.518 Loading class java/net/UnknownHostException
Event: 2.518 Loading class java/net/UnknownHostException done
Event: 2.518 Loading class java/net/ProtocolException
Event: 2.518 Loading class java/net/ProtocolException done
Event: 2.534 Loading class java/lang/ThreadLocal$SuppliedThreadLocal
Event: 2.534 Loading class java/lang/ThreadLocal$SuppliedThreadLocal done
Event: 2.540 Loading class java/io/FileWriter
Event: 2.541 Loading class java/io/FileWriter done
Event: 2.593 Loading class java/lang/NegativeArraySizeException
Event: 2.593 Loading class java/lang/NegativeArraySizeException done

Classes unloaded (0 events):
No events

Classes redefined (0 events):
No events

Internal exceptions (20 events):
Event: 2.392 Thread 0x000002586a5e75d0 Exception <a 'java/lang/NoSuchMethodError'{0x00000000d5f9a4e0}: 'java.lang.Object java.lang.invoke.DirectMethodHandle$Holder.newInvokeSpecial(java.lang.Object, java.lang.Object, java.lang.Object, long)'> (0x00000000d5f9a4e0) 
thrown [s\src\hotspot\share\interpreter\linkResolver.cpp, line 773]
Event: 2.392 Thread 0x000002586a5e75d0 Exception <a 'java/lang/NoSuchMethodError'{0x00000000d5f9e890}: 'java.lang.Object java.lang.invoke.DirectMethodHandle$Holder.invokeSpecial(java.lang.Object, java.lang.Object, java.lang.Object, java.lang.Object, long)'> (0x00000000d5f9e890) 
thrown [s\src\hotspot\share\interpreter\linkResolver.cpp, line 773]
Event: 2.393 Thread 0x000002586a5e75d0 Exception <a 'java/lang/NoSuchMethodError'{0x00000000d5fa24b0}: 'java.lang.Object java.lang.invoke.Invokers$Holder.linkToTargetMethod(java.lang.Object, java.lang.Object, long, java.lang.Object)'> (0x00000000d5fa24b0) 
thrown [s\src\hotspot\share\interpreter\linkResolver.cpp, line 773]
Event: 2.402 Thread 0x000002586a5e75d0 Exception <a 'java/lang/NoSuchMethodError'{0x00000000d60112b0}: 'int java.lang.invoke.DirectMethodHandle$Holder.invokeStaticInit(java.lang.Object, java.lang.Object, java.lang.Object)'> (0x00000000d60112b0) 
thrown [s\src\hotspot\share\interpreter\linkResolver.cpp, line 773]
Event: 2.417 Thread 0x000002586a5e75d0 Exception <a 'java/lang/IncompatibleClassChangeError'{0x00000000d60acd60}: Found class java.lang.Object, but interface was expected> (0x00000000d60acd60) 
thrown [s\src\hotspot\share\interpreter\linkResolver.cpp, line 840]
Event: 2.418 Thread 0x000002586a5e75d0 Exception <a 'java/lang/NoSuchMethodError'{0x00000000d60b0910}: 'java.lang.Object java.lang.invoke.DirectMethodHandle$Holder.invokeSpecial(java.lang.Object, java.lang.Object, java.lang.Object, int, java.lang.Object, java.lang.Object)'> (0x00000000d60b0910) 
thrown [s\src\hotspot\share\interpreter\linkResolver.cpp, line 773]
Event: 2.418 Thread 0x000002586a5e75d0 Exception <a 'java/lang/NoSuchMethodError'{0x00000000d60b83e8}: 'java.lang.Object java.lang.invoke.DirectMethodHandle$Holder.newInvokeSpecial(java.lang.Object, java.lang.Object, java.lang.Object, int, java.lang.Object)'> (0x00000000d60b83e8) 
thrown [s\src\hotspot\share\interpreter\linkResolver.cpp, line 773]
Event: 2.419 Thread 0x000002586a5e75d0 Exception <a 'java/lang/NoSuchMethodError'{0x00000000d60bc368}: 'java.lang.Object java.lang.invoke.DirectMethodHandle$Holder.invokeSpecial(java.lang.Object, java.lang.Object, java.lang.Object, java.lang.Object, int, java.lang.Object)'> (0x00000000d60bc368) 
thrown [s\src\hotspot\share\interpreter\linkResolver.cpp, line 773]
Event: 2.419 Thread 0x000002586a5e75d0 Exception <a 'java/lang/NoSuchMethodError'{0x00000000d60bfea8}: 'java.lang.Object java.lang.invoke.Invokers$Holder.linkToTargetMethod(java.lang.Object, java.lang.Object, int, java.lang.Object, java.lang.Object)'> (0x00000000d60bfea8) 
thrown [s\src\hotspot\share\interpreter\linkResolver.cpp, line 773]
Event: 2.420 Thread 0x000002587140aaa0 Exception <a 'java/lang/NoSuchMethodError'{0x00000000d5fd0e50}: 'java.lang.Object java.lang.invoke.DirectMethodHandle$Holder.invokeSpecial(java.lang.Object, java.lang.Object, int, java.lang.Object, java.lang.Object)'> (0x00000000d5fd0e50) 
thrown [s\src\hotspot\share\interpreter\linkResolver.cpp, line 773]
Event: 2.421 Thread 0x000002587140aaa0 Exception <a 'java/lang/NoSuchMethodError'{0x00000000d5fd7b88}: 'java.lang.Object java.lang.invoke.DirectMethodHandle$Holder.newInvokeSpecial(java.lang.Object, java.lang.Object, int, java.lang.Object)'> (0x00000000d5fd7b88) 
thrown [s\src\hotspot\share\interpreter\linkResolver.cpp, line 773]
Event: 2.422 Thread 0x000002587140aaa0 Exception <a 'java/lang/NoSuchMethodError'{0x00000000d5fdb468}: 'java.lang.Object java.lang.invoke.DirectMethodHandle$Holder.invokeSpecial(java.lang.Object, java.lang.Object, java.lang.Object, int, java.lang.Object)'> (0x00000000d5fdb468) 
thrown [s\src\hotspot\share\interpreter\linkResolver.cpp, line 773]
Event: 2.445 Thread 0x000002586a5e75d0 Exception <a 'java/lang/NoSuchMethodError'{0x00000000d620bad8}: 'void java.lang.invoke.DirectMethodHandle$Holder.invokeSpecial(java.lang.Object, java.lang.Object, java.lang.Object, java.lang.Object, java.lang.Object)'> (0x00000000d620bad8) 
thrown [s\src\hotspot\share\interpreter\linkResolver.cpp, line 773]
Event: 2.478 Thread 0x000002586a5e75d0 Exception <a 'java/lang/NoSuchMethodError'{0x00000000d640cea8}: 'double java.lang.invoke.DirectMethodHandle$Holder.invokeStatic(java.lang.Object, java.lang.Object)'> (0x00000000d640cea8) 
thrown [s\src\hotspot\share\interpreter\linkResolver.cpp, line 773]
Event: 2.479 Thread 0x000002586a5e75d0 Exception <a 'java/lang/NoSuchMethodError'{0x00000000d6410568}: 'double java.lang.invoke.DirectMethodHandle$Holder.invokeStaticInit(java.lang.Object, java.lang.Object)'> (0x00000000d6410568) 
thrown [s\src\hotspot\share\interpreter\linkResolver.cpp, line 773]
Event: 2.596 Thread 0x000002586a5e75d0 Exception <a 'java/io/FileNotFoundException'{0x00000000d5abe5f0}> (0x00000000d5abe5f0) 
thrown [s\src\hotspot\share\prims\jni.cpp, line 520]
Event: 2.596 Thread 0x000002586a5e75d0 Exception <a 'java/io/FileNotFoundException'{0x00000000d5abf408}> (0x00000000d5abf408) 
thrown [s\src\hotspot\share\prims\jni.cpp, line 520]
Event: 2.596 Thread 0x000002586a5e75d0 Exception <a 'java/io/FileNotFoundException'{0x00000000d5ac0328}> (0x00000000d5ac0328) 
thrown [s\src\hotspot\share\prims\jni.cpp, line 520]
Event: 2.735 Thread 0x000002586a5e75d0 Implicit null exception at 0x000002581c41d7f5 to 0x000002581c41d8d0
Event: 2.858 Thread 0x000002586a5e75d0 Exception <a 'java/io/FileNotFoundException'{0x00000000d62b7060}> (0x00000000d62b7060) 
thrown [s\src\hotspot\share\prims\jni.cpp, line 520]

ZGC Phase Switch (0 events):
No events

VM Operations (20 events):
Event: 1.480 Executing VM operation: ICBufferFull
Event: 1.480 Executing VM operation: ICBufferFull done
Event: 1.573 Executing VM operation: ParallelGCFailedAllocation (Allocation Failure)
Event: 1.579 Executing VM operation: ParallelGCFailedAllocation (Allocation Failure) done
Event: 1.803 Executing VM operation: HandshakeAllThreads (Deoptimize)
Event: 1.803 Executing VM operation: HandshakeAllThreads (Deoptimize) done
Event: 2.042 Executing VM operation: HandshakeAllThreads (Deoptimize)
Event: 2.042 Executing VM operation: HandshakeAllThreads (Deoptimize) done
Event: 2.131 Executing VM operation: ParallelGCFailedAllocation (Allocation Failure)
Event: 2.136 Executing VM operation: ParallelGCFailedAllocation (Allocation Failure) done
Event: 2.295 Executing VM operation: HandshakeAllThreads (Deoptimize)
Event: 2.296 Executing VM operation: HandshakeAllThreads (Deoptimize) done
Event: 2.300 Executing VM operation: HandshakeAllThreads (Deoptimize)
Event: 2.300 Executing VM operation: HandshakeAllThreads (Deoptimize) done
Event: 2.318 Executing VM operation: HandshakeAllThreads (Deoptimize)
Event: 2.318 Executing VM operation: HandshakeAllThreads (Deoptimize) done
Event: 2.571 Executing VM operation: ParallelGCFailedAllocation (Allocation Failure)
Event: 2.575 Executing VM operation: ParallelGCFailedAllocation (Allocation Failure) done
Event: 2.787 Executing VM operation: ParallelGCFailedAllocation (Allocation Failure)
Event: 2.791 Executing VM operation: ParallelGCFailedAllocation (Allocation Failure) done

Memory protections (0 events):
No events

Nmethod flushes (0 events):
No events

Events (20 events):
Event: 0.065 Thread 0x000002586a5f3680 Thread added: 0x000002586a738610
Event: 0.065 Thread 0x000002586a5f3680 Thread added: 0x000002586a7390c0
Event: 0.081 Thread 0x000002581155b830 Thread added: 0x000002586a5e6f40
Event: 0.114 Thread 0x000002586a6f0a00 Thread added: 0x000002586a8d7230
Event: 0.274 Thread 0x000002581155b830 Thread added: 0x000002586a5e68b0
Event: 0.373 Thread 0x000002586a6f0a00 Thread added: 0x00000258700bd4d0
Event: 1.352 Thread 0x000002581155b830 Thread added: 0x000002586a5e5b90
Event: 1.610 Thread 0x000002581155b830 Thread added: 0x000002586a5e5500
Event: 1.618 Thread 0x000002581155b830 Thread added: 0x000002586a5e75d0
Event: 1.748 Thread 0x00000258700bd4d0 Thread exited: 0x00000258700bd4d0
Event: 1.748 Thread 0x000002586a7390c0 Thread exited: 0x000002586a7390c0
Event: 1.752 Thread 0x000002586a738610 Thread exited: 0x000002586a738610
Event: 1.787 Thread 0x000002586a5e75d0 Thread added: 0x000002586a5e47e0
Event: 1.887 Thread 0x000002586a8d7230 Thread added: 0x0000025871094f40
Event: 1.887 Thread 0x000002586a8d7230 Thread added: 0x0000025870b344b0
Event: 1.887 Thread 0x000002586a8d7230 Thread added: 0x0000025870b34b80
Event: 2.080 Thread 0x000002586a5e75d0 Thread added: 0x000002586a5e4150
Event: 2.397 Thread 0x000002586a5e75d0 Thread added: 0x000002587140aaa0
Event: 2.421 Thread 0x000002586a5e75d0 Thread added: 0x000002587140c4e0
Event: 2.702 Thread 0x0000025870b34b80 Thread exited: 0x0000025870b34b80


Dynamic libraries:
0x00007ff7f61b0000 - 0x00007ff7f61be000 	c:\Users\Hp\.vscode\extensions\redhat.java-1.52.0-win32-x64\jre\21.0.9-win32-x86_64\bin\java.exe
0x00007fffbf7e0000 - 0x00007fffbfa48000 	C:\WINDOWS\SYSTEM32\ntdll.dll
0x00007fffbe210000 - 0x00007fffbe2d9000 	C:\WINDOWS\System32\KERNEL32.DLL
0x00007fffbd050000 - 0x00007fffbd441000 	C:\WINDOWS\System32\KERNELBASE.dll
0x00007fffbc430000 - 0x00007fffbc57b000 	C:\WINDOWS\System32\ucrtbase.dll
0x00007fffb14e0000 - 0x00007fffb14fe000 	c:\Users\Hp\.vscode\extensions\redhat.java-1.52.0-win32-x64\jre\21.0.9-win32-x86_64\bin\VCRUNTIME140.dll
0x00007fffb1500000 - 0x00007fffb1518000 	c:\Users\Hp\.vscode\extensions\redhat.java-1.52.0-win32-x64\jre\21.0.9-win32-x86_64\bin\jli.dll
0x00007fffbe9e0000 - 0x00007fffbeba6000 	C:\WINDOWS\System32\USER32.dll
0x00007fffa3cc0000 - 0x00007fffa3f53000 	C:\WINDOWS\WinSxS\amd64_microsoft.windows.common-controls_6595b64144ccf1df_6.0.26100.7705_none_3e06597ae3363b04\COMCTL32.dll
0x00007fffbd020000 - 0x00007fffbd047000 	C:\WINDOWS\System32\win32u.dll
0x00007fffbe390000 - 0x00007fffbe439000 	C:\WINDOWS\System32\msvcrt.dll
0x00007fffbebf0000 - 0x00007fffbec1b000 	C:\WINDOWS\System32\GDI32.dll
0x00007fffbd450000 - 0x00007fffbd57b000 	C:\WINDOWS\System32\gdi32full.dll
0x00007fffbc700000 - 0x00007fffbc7a3000 	C:\WINDOWS\System32\msvcp_win.dll
0x00007fffbebb0000 - 0x00007fffbebe1000 	C:\WINDOWS\System32\IMM32.DLL
0x00007fffb2520000 - 0x00007fffb252c000 	c:\Users\Hp\.vscode\extensions\redhat.java-1.52.0-win32-x64\jre\21.0.9-win32-x86_64\bin\vcruntime140_1.dll
0x00007fff1c010000 - 0x00007fff1c09d000 	c:\Users\Hp\.vscode\extensions\redhat.java-1.52.0-win32-x64\jre\21.0.9-win32-x86_64\bin\msvcp140.dll
0x00007fff0b6f0000 - 0x00007fff0c490000 	c:\Users\Hp\.vscode\extensions\redhat.java-1.52.0-win32-x64\jre\21.0.9-win32-x86_64\bin\server\jvm.dll
0x00007fffbf350000 - 0x00007fffbf404000 	C:\WINDOWS\System32\ADVAPI32.dll
0x00007fffbe2e0000 - 0x00007fffbe386000 	C:\WINDOWS\System32\sechost.dll
0x00007fffbe550000 - 0x00007fffbe668000 	C:\WINDOWS\System32\RPCRT4.dll
0x00007fffbe4d0000 - 0x00007fffbe544000 	C:\WINDOWS\System32\WS2_32.dll
0x00007fffbbf20000 - 0x00007fffbbf7e000 	C:\WINDOWS\SYSTEM32\POWRPROF.dll
0x00007fffb57a0000 - 0x00007fffb57d5000 	C:\WINDOWS\SYSTEM32\WINMM.dll
0x00007fffb57e0000 - 0x00007fffb57eb000 	C:\WINDOWS\SYSTEM32\VERSION.dll
0x00007fffbbf00000 - 0x00007fffbbf14000 	C:\WINDOWS\SYSTEM32\UMPDC.dll
0x00007fffbae30000 - 0x00007fffbae4b000 	C:\WINDOWS\SYSTEM32\kernel.appcore.dll
0x00007fffb1cb0000 - 0x00007fffb1cba000 	c:\Users\Hp\.vscode\extensions\redhat.java-1.52.0-win32-x64\jre\21.0.9-win32-x86_64\bin\jimage.dll
0x00007fffba280000 - 0x00007fffba4c2000 	C:\WINDOWS\SYSTEM32\DBGHELP.DLL
0x00007fffbdd30000 - 0x00007fffbe0b6000 	C:\WINDOWS\System32\combase.dll
0x00007fffbe850000 - 0x00007fffbe927000 	C:\WINDOWS\System32\OLEAUT32.dll
0x00007fffa3390000 - 0x00007fffa33cb000 	C:\WINDOWS\SYSTEM32\dbgcore.DLL
0x00007fffbc2f0000 - 0x00007fffbc395000 	C:\WINDOWS\System32\bcryptPrimitives.dll
0x00007fffb1bc0000 - 0x00007fffb1bcf000 	c:\Users\Hp\.vscode\extensions\redhat.java-1.52.0-win32-x64\jre\21.0.9-win32-x86_64\bin\instrument.dll
0x00007fffa12a0000 - 0x00007fffa12c0000 	c:\Users\Hp\.vscode\extensions\redhat.java-1.52.0-win32-x64\jre\21.0.9-win32-x86_64\bin\java.dll
0x00007fffbd5d0000 - 0x00007fffbdd21000 	C:\WINDOWS\System32\SHELL32.dll
0x00007fffbc0c0000 - 0x00007fffbc22a000 	C:\WINDOWS\System32\wintypes.dll
0x00007fffbc7b0000 - 0x00007fffbd012000 	C:\WINDOWS\System32\windows.storage.dll
0x00007fffbf410000 - 0x00007fffbf506000 	C:\WINDOWS\System32\SHCORE.dll
0x00007fffbe180000 - 0x00007fffbe1e7000 	C:\WINDOWS\System32\shlwapi.dll
0x00007fffbbfe0000 - 0x00007fffbc009000 	C:\WINDOWS\SYSTEM32\profapi.dll
0x00007fffa1280000 - 0x00007fffa1298000 	c:\Users\Hp\.vscode\extensions\redhat.java-1.52.0-win32-x64\jre\21.0.9-win32-x86_64\bin\zip.dll
0x00007fffb14d0000 - 0x00007fffb14e0000 	C:\Users\Hp\.vscode\extensions\redhat.java-1.52.0-win32-x64\jre\21.0.9-win32-x86_64\bin\net.dll
0x00007fffb6540000 - 0x00007fffb6667000 	C:\WINDOWS\SYSTEM32\WINHTTP.dll
0x00007fffbb380000 - 0x00007fffbb3eb000 	C:\WINDOWS\system32\mswsock.dll
0x00007fff8d970000 - 0x00007fff8d986000 	C:\Users\Hp\.vscode\extensions\redhat.java-1.52.0-win32-x64\jre\21.0.9-win32-x86_64\bin\nio.dll
0x00007fffa1270000 - 0x00007fffa1280000 	c:\Users\Hp\.vscode\extensions\redhat.java-1.52.0-win32-x64\jre\21.0.9-win32-x86_64\bin\verify.dll
0x00007fffa5b10000 - 0x00007fffa5b55000 	C:\Users\Hp\AppData\Roaming\Code\User\globalStorage\redhat.java\1.52.0\config_ss_win\org.eclipse.equinox.launcher\org.eclipse.equinox.launcher.win32.win32.x86_64_1.2.1500.v20260121-1430\eclipse_11919.dll
0x00007fffbf1b0000 - 0x00007fffbf347000 	C:\WINDOWS\System32\ole32.dll

JVMTI agents:
c:\Users\Hp\.vscode\extensions\redhat.java-1.52.0-win32-x64\lombok\lombok-1.18.39-4050.jar path:c:\Users\Hp\.vscode\extensions\redhat.java-1.52.0-win32-x64\jre\21.0.9-win32-x86_64\bin\instrument.dll, loaded, initialized, instrumentlib options:none

dbghelp: loaded successfully - version: 4.0.5 - missing functions: none
symbol engine: initialized successfully - sym options: 0x614 - pdb path: .;c:\Users\Hp\.vscode\extensions\redhat.java-1.52.0-win32-x64\jre\21.0.9-win32-x86_64\bin;C:\WINDOWS\SYSTEM32;C:\WINDOWS\WinSxS\amd64_microsoft.windows.common-controls_6595b64144ccf1df_6.0.26100.7705_none_3e06597ae3363b04;c:\Users\Hp\.vscode\extensions\redhat.java-1.52.0-win32-x64\jre\21.0.9-win32-x86_64\bin\server;C:\Users\Hp\AppData\Roaming\Code\User\globalStorage\redhat.java\1.52.0\config_ss_win\org.eclipse.equinox.launcher\org.eclipse.equinox.launcher.win32.win32.x86_64_1.2.1500.v20260121-1430

VM Arguments:
jvm_args: --add-modules=ALL-SYSTEM --add-opens=java.base/java.util=ALL-UNNAMED --add-opens=java.base/java.lang=ALL-UNNAMED --add-opens=java.base/sun.nio.fs=ALL-UNNAMED -Declipse.application=org.eclipse.jdt.ls.core.id1 -Dosgi.bundles.defaultStartLevel=4 -Declipse.product=org.eclipse.jdt.ls.core.product -Djava.import.generatesMetadataFilesAtProjectRoot=false -DDetectVMInstallationsJob.disabled=true -Dfile.encoding=utf8 -XX:+UseParallelGC -XX:GCTimeRatio=4 -XX:AdaptiveSizePolicyWeight=90 -Dsun.zip.disableMemoryMapping=true -Xmx2G -Xms100m -Xlog:disable -javaagent:c:\Users\Hp\.vscode\extensions\redhat.java-1.52.0-win32-x64\lombok\lombok-1.18.39-4050.jar 
java_command: c:\Users\Hp\.vscode\extensions\redhat.java-1.52.0-win32-x64\server\plugins\org.eclipse.equinox.launcher_1.7.100.v20251111-0406.jar -configuration c:\Users\Hp\AppData\Roaming\Code\User\globalStorage\redhat.java\1.52.0\config_ss_win -data c:\Users\Hp\AppData\Roaming\Code\User\workspaceStorage\fd2da329d938b507d3e6932ec6bcaa12\redhat.java\ss_ws --pipe=\\.\pipe\lsp-1aa8003701f5d89f0010909e4ddd0bf7-sock
java_class_path (initial): c:\Users\Hp\.vscode\extensions\redhat.java-1.52.0-win32-x64\server\plugins\org.eclipse.equinox.launcher_1.7.100.v20251111-0406.jar
Launcher Type: SUN_STANDARD

[Global flags]
    uintx AdaptiveSizePolicyWeight                 = 90                                        {product} {command line}
     intx CICompilerCount                          = 12                                        {product} {ergonomic}
    uintx GCTimeRatio                              = 4                                         {product} {command line}
   size_t InitialHeapSize                          = 104857600                                 {product} {command line}
   size_t MaxHeapSize                              = 2147483648                                {product} {command line}
   size_t MaxNewSize                               = 715653120                                 {product} {ergonomic}
   size_t MinHeapDeltaBytes                        = 524288                                    {product} {ergonomic}
   size_t MinHeapSize                              = 104857600                                 {product} {command line}
   size_t NewSize                                  = 34603008                                  {product} {ergonomic}
    uintx NonNMethodCodeHeapSize                   = 7602480                                {pd product} {ergonomic}
    uintx NonProfiledCodeHeapSize                  = 122027880                              {pd product} {ergonomic}
   size_t OldSize                                  = 70254592                                  {product} {ergonomic}
    uintx ProfiledCodeHeapSize                     = 122027880                              {pd product} {ergonomic}
    uintx ReservedCodeCacheSize                    = 251658240                              {pd product} {ergonomic}
     bool SegmentedCodeCache                       = true                                      {product} {ergonomic}
   size_t SoftMaxHeapSize                          = 2147483648                             {manageable} {ergonomic}
     bool UseCompressedOops                        = true                           {product lp64_product} {ergonomic}
     bool UseLargePagesIndividualAllocation        = false                                  {pd product} {ergonomic}
     bool UseParallelGC                            = true                                      {product} {command line}

Logging:
Log output configuration:
 #0: stdout all=off uptime,level,tags foldmultilines=false
 #1: stderr all=off uptime,level,tags foldmultilines=false

Release file:
JAVA_VERSION="21.0.9" 
MODULES="java.base java.compiler java.datatransfer java.xml java.prefs java.desktop java.instrument java.logging java.management java.security.sasl java.naming java.rmi java.management.rmi java.net.http java.scripting java.security.jgss java.transaction.xa java.sql java.sql.rowset java.xml.crypto java.se java.smartcardio jdk.accessibility jdk.internal.jvmstat jdk.attach jdk.charsets jdk.internal.opt jdk.zipfs jdk.compiler jdk.crypto.ec jdk.crypto.cryptoki jdk.crypto.mscapi jdk.dynalink jdk.internal.ed jdk.editpad jdk.hotspot.agent jdk.httpserver jdk.internal.le jdk.internal.vm.ci jdk.internal.vm.compiler jdk.internal.vm.compiler.management jdk.jartool jdk.javadoc jdk.jcmd jdk.management jdk.management.agent jdk.jconsole jdk.jdeps jdk.jdwp.agent jdk.jdi jdk.jfr jdk.jshell jdk.jsobject jdk.jstatd jdk.localedata jdk.management.jfr jdk.naming.dns jdk.naming.rmi jdk.net jdk.nio.mapmode jdk.random jdk.sctp jdk.security.auth jdk.security.jgss jdk.unsupported jdk.unsupported.desktop jdk.xml.dom" 

Environment Variables:
JAVA_HOME=C:\Program Files\Java\jdk-17
PATH=C:\Program Files\Common Files\Oracle\Java\javapath;C:\WINDOWS.X64_213000_db_home\bin;C:\Users\Hp\OneDrive\Desktop\PL\WINDOWS.X64_213000_db_home\bin;C:\Users\Hp\Desktop\PL\bin;C:\Users\Hp\OneDrive\Desktop\PL\bin;C:\Program Files\Eclipse Adoptium\jdk-21.0.6.7-hotspot\bin;C:\WINDOWS;C:\WINDOWS\System32\Wbem;C:\WINDOWS\system32;C:\WINDOWS\System32\WindowsPowerShell\v1.0\;C:\WINDOWS\System32\OpenSSH\;C:\Program Files\CodeBlocks\MinGW\bin;C:\Program Files\Git\cmd;C:\Program Files (x86)\Microsoft SQL Server\160\Tools\Binn\;C:\Program Files\Microsoft SQL Server\160\Tools\Binn\;C:\Program Files\Microsoft SQL Server\Client SDK\ODBC\170\Tools\Binn\;C:\Program Files\Microsoft SQL Server\160\DTS\Binn\;C:\Program Files\Microsoft SQL Server\150\Tools\Binn\;C:\Program Files\MySQL\MySQL Server 8.0\bin;C:\Program Files\dotnet\;C:\Program Files\nodejs\;C:\Program Files\apache-maven-3.8.9-bin\apache-maven-3.8.9\bin;C:\Program Files\cursor\resources\app\bin;C:\Users\Hp\.cargo\bin;C:\Program Files\MySQL\MySQL Shell 8.0\bin\;C:\Users\Hp\AppData\Local\Microsoft\WindowsApps;C:\Users\Hp\AppData\Local\Programs\Microsoft VS Code\bin;C:\Users\Hp\.dotnet\tools;C:\Users\Hp\AppData\Roaming\npm
USERNAME=Hp
OS=Windows_NT
PROCESSOR_IDENTIFIER=AMD64 Family 23 Model 96 Stepping 1, AuthenticAMD
TMP=C:\Users\Hp\AppData\Local\Temp
TEMP=C:\Users\Hp\AppData\Local\Temp




Periodic native trim disabled

---------------  S Y S T E M  ---------------

OS:
 Windows 11 , 64 bit Build 26100 (10.0.26100.7705)
OS uptime: 10 days 2:12 hours
Hyper-V role detected

CPU: total 16 (initial active 16) (16 cores per cpu, 2 threads per core) family 23 model 96 stepping 1 microcode 0x8600109, cx8, cmov, fxsr, ht, mmx, 3dnowpref, sse, sse2, sse3, ssse3, sse4a, sse4.1, sse4.2, popcnt, lzcnt, tsc, tscinvbit, avx, avx2, aes, clmul, bmi1, bmi2, adx, sha, fma, vzeroupper, clflush, clflushopt, hv, rdtscp, rdpid, f16c
Processor Information for the first 16 processors :
  Max Mhz: 1700, Current Mhz: 1700, Mhz Limit: 1700

Memory: 4k page, system-wide physical 15697M (2019M free)
TotalPageFile size 31759M (AvailPageFile size 5M)
current process WorkingSet (physical memory assigned to process): 139M, peak: 139M
current process commit charge ("private bytes"): 293M, peak: 294M

vm_info: OpenJDK 64-Bit Server VM (21.0.9+10-LTS) for windows-amd64 JRE (21.0.9+10-LTS), built on 2025-10-21T00:00:00Z by "admin" with unknown MS VC++:1942

END.
